Component: ARM Compiler 5.06 update 6 (build 750) Tool: armlink [4d35ed]

==============================================================================

Section Cross References

    hardware.o(i.HW_Init) refers to lpc17xx_gpio.o(i.FIO_ByteSetDir) for FIO_ByteSetDir
    hardware.o(i.HW_Init) refers to lpc17xx_gpio.o(i.GPIO_SetDir) for GPIO_SetDir
    hardware.o(i.HW_Init) refers to kbd.o(i.kbd_init) for kbd_init
    main.o(i.main) refers to hardware.o(i.HW_Init) for HW_Init
    main.o(i.main) refers to taskhandle.o(i.Task_RegisterNew) for Task_RegisterNew
    main.o(i.main) refers to taskhandle.o(i.Task_RunCoOperativeSystem) for Task_RunCoOperativeSystem
    main.o(i.main) refers to task_refresh.o(i.Task_Refresh) for Task_Refresh
    main.o(i.main) refers to task_key.o(i.Task_Key) for Task_Key
    taskhandle.o(i.Task_Delay_ms) refers to taskhandle.o(.bss) for AvailableTask
    taskhandle.o(i.Task_Delay_ms) refers to taskhandle.o(.data) for countRunTask
    taskhandle.o(i.Task_IncTick) refers to taskhandle.o(.data) for TickcountLoop
    taskhandle.o(i.Task_IncTick) refers to taskhandle.o(.bss) for AvailableTask
    taskhandle.o(i.Task_RegisterNew) refers to taskhandle.o(.data) for taskRegister_count
    taskhandle.o(i.Task_RegisterNew) refers to taskhandle.o(.bss) for AvailableTask
    taskhandle.o(i.Task_RunCoOperativeSystem) refers to taskhandle_port.o(i.Task_TickInit) for Task_TickInit
    taskhandle.o(i.Task_RunCoOperativeSystem) refers to taskhandle.o(.data) for countRunTask
    taskhandle.o(i.Task_RunCoOperativeSystem) refers to taskhandle.o(.bss) for AvailableTask
    taskhandle.o(i.Task_SetNextStepParam) refers to taskhandle.o(.bss) for AvailableTask
    taskhandle.o(i.Task_SetNextStepParam) refers to taskhandle.o(.data) for countRunTask
    taskhandle_port.o(i.SysTick_Handler) refers to lpc17xx_systick.o(i.SYSTICK_ClearCounterFlag) for SYSTICK_ClearCounterFlag
    taskhandle_port.o(i.SysTick_Handler) refers to taskhandle.o(i.Task_IncTick) for Task_IncTick
    taskhandle_port.o(i.Task_TickInit) refers to lpc17xx_systick.o(i.SYSTICK_InternalInit) for SYSTICK_InternalInit
    taskhandle_port.o(i.Task_TickInit) refers to lpc17xx_systick.o(i.SYSTICK_IntCmd) for SYSTICK_IntCmd
    taskhandle_port.o(i.Task_TickInit) refers to lpc17xx_systick.o(i.SYSTICK_Cmd) for SYSTICK_Cmd
    kbd.o(i.kbd_get) refers to lpc17xx_gpio.o(i.FIO_ByteSetValue) for FIO_ByteSetValue
    kbd.o(i.kbd_get) refers to lpc17xx_gpio.o(i.FIO_ByteClearValue) for FIO_ByteClearValue
    kbd.o(i.kbd_get) refers to kbd.o(i.kbd_delay) for kbd_delay
    kbd.o(i.kbd_get) refers to lpc17xx_gpio.o(i.FIO_ByteReadValue) for FIO_ByteReadValue
    kbd.o(i.kbd_init) refers to lpc17xx_pinsel.o(i.PINSEL_ConfigPin) for PINSEL_ConfigPin
    kbd.o(i.kbd_init) refers to lpc17xx_gpio.o(i.GPIO_SetDir) for GPIO_SetDir
    kbd.o(i.kbd_read) refers to kbd.o(i.kbd_get) for kbd_get
    kbd.o(i.kbd_read) refers to lpc17xx_gpio.o(i.FIO_ByteSetValue) for FIO_ByteSetValue
    kbd.o(i.kbd_read) refers to kbd.o(.constdata) for KBD_TableAdapt
    task_refresh.o(i.ShowData_Segment) refers to task_refresh.o(.data) for SegData
    task_refresh.o(i.Task_Refresh) refers to taskhandle.o(i.Task_GetStepParam) for Task_GetStepParam
    task_refresh.o(i.Task_Refresh) refers to lpc17xx_gpio.o(i.GPIO_ClearValue) for GPIO_ClearValue
    task_refresh.o(i.Task_Refresh) refers to lpc17xx_gpio.o(i.GPIO_SetValue) for GPIO_SetValue
    task_refresh.o(i.Task_Refresh) refers to lpc17xx_gpio.o(i.FIO_ByteSetValue) for FIO_ByteSetValue
    task_refresh.o(i.Task_Refresh) refers to lpc17xx_gpio.o(i.FIO_ByteClearValue) for FIO_ByteClearValue
    task_refresh.o(i.Task_Refresh) refers to taskhandle.o(i.Task_Delay_ms) for Task_Delay_ms
    task_refresh.o(i.Task_Refresh) refers to task_refresh.o(.data) for SegData
    task_refresh.o(i.Task_Refresh) refers to task_refresh.o(.constdata) for segmentTable
    task_key.o(i.Task_Key) refers to taskhandle.o(i.Task_GetStepParam) for Task_GetStepParam
    task_key.o(i.Task_Key) refers to kbd.o(i.kbd_read) for kbd_read
    task_key.o(i.Task_Key) refers to taskhandle.o(i.Task_Delay_ms) for Task_Delay_ms
    task_key.o(i.Task_Key) refers to task_refresh.o(i.ShowData_Segment) for ShowData_Segment
    task_key.o(i.Task_Key) refers to lpc17xx_gpio.o(i.GPIO_SetValue) for GPIO_SetValue
    task_key.o(i.Task_Key) refers to lpc17xx_gpio.o(i.GPIO_ClearValue) for GPIO_ClearValue
    task_key.o(i.Task_Key) refers to task_key.o(.data) for key
    task_key.o(i.Task_Key) refers to task_key.o(.constdata) for MainPass
    lpc17xx_clkpwr.o(i.CLKPWR_GetPCLK) refers to lpc17xx_clkpwr.o(i.CLKPWR_GetPCLKSEL) for CLKPWR_GetPCLKSEL
    lpc17xx_clkpwr.o(i.CLKPWR_GetPCLK) refers to system_lpc17xx.o(.data) for SystemCoreClock
    lpc17xx_gpio.o(i.FIO_ByteClearValue) refers to lpc17xx_gpio.o(i.FIO_ByteGetPointer) for FIO_ByteGetPointer
    lpc17xx_gpio.o(i.FIO_ByteReadValue) refers to lpc17xx_gpio.o(i.FIO_ByteGetPointer) for FIO_ByteGetPointer
    lpc17xx_gpio.o(i.FIO_ByteSetDir) refers to lpc17xx_gpio.o(i.FIO_ByteGetPointer) for FIO_ByteGetPointer
    lpc17xx_gpio.o(i.FIO_ByteSetMask) refers to lpc17xx_gpio.o(i.FIO_ByteGetPointer) for FIO_ByteGetPointer
    lpc17xx_gpio.o(i.FIO_ByteSetValue) refers to lpc17xx_gpio.o(i.FIO_ByteGetPointer) for FIO_ByteGetPointer
    lpc17xx_gpio.o(i.FIO_ClearInt) refers to lpc17xx_gpio.o(i.GPIO_ClearInt) for GPIO_ClearInt
    lpc17xx_gpio.o(i.FIO_ClearValue) refers to lpc17xx_gpio.o(i.GPIO_ClearValue) for GPIO_ClearValue
    lpc17xx_gpio.o(i.FIO_GetIntStatus) refers to lpc17xx_gpio.o(i.GPIO_GetIntStatus) for GPIO_GetIntStatus
    lpc17xx_gpio.o(i.FIO_HalfWordClearValue) refers to lpc17xx_gpio.o(i.FIO_HalfWordGetPointer) for FIO_HalfWordGetPointer
    lpc17xx_gpio.o(i.FIO_HalfWordReadValue) refers to lpc17xx_gpio.o(i.FIO_HalfWordGetPointer) for FIO_HalfWordGetPointer
    lpc17xx_gpio.o(i.FIO_HalfWordSetDir) refers to lpc17xx_gpio.o(i.FIO_HalfWordGetPointer) for FIO_HalfWordGetPointer
    lpc17xx_gpio.o(i.FIO_HalfWordSetMask) refers to lpc17xx_gpio.o(i.FIO_HalfWordGetPointer) for FIO_HalfWordGetPointer
    lpc17xx_gpio.o(i.FIO_HalfWordSetValue) refers to lpc17xx_gpio.o(i.FIO_HalfWordGetPointer) for FIO_HalfWordGetPointer
    lpc17xx_gpio.o(i.FIO_IntCmd) refers to lpc17xx_gpio.o(i.GPIO_IntCmd) for GPIO_IntCmd
    lpc17xx_gpio.o(i.FIO_ReadValue) refers to lpc17xx_gpio.o(i.GPIO_ReadValue) for GPIO_ReadValue
    lpc17xx_gpio.o(i.FIO_SetDir) refers to lpc17xx_gpio.o(i.GPIO_SetDir) for GPIO_SetDir
    lpc17xx_gpio.o(i.FIO_SetMask) refers to lpc17xx_gpio.o(i.GPIO_GetPointer) for GPIO_GetPointer
    lpc17xx_gpio.o(i.FIO_SetValue) refers to lpc17xx_gpio.o(i.GPIO_SetValue) for GPIO_SetValue
    lpc17xx_gpio.o(i.GPIO_ClearValue) refers to lpc17xx_gpio.o(i.GPIO_GetPointer) for GPIO_GetPointer
    lpc17xx_gpio.o(i.GPIO_ReadValue) refers to lpc17xx_gpio.o(i.GPIO_GetPointer) for GPIO_GetPointer
    lpc17xx_gpio.o(i.GPIO_SetDir) refers to lpc17xx_gpio.o(i.GPIO_GetPointer) for GPIO_GetPointer
    lpc17xx_gpio.o(i.GPIO_SetValue) refers to lpc17xx_gpio.o(i.GPIO_GetPointer) for GPIO_GetPointer
    lpc17xx_pinsel.o(i.PINSEL_ConfigPin) refers to lpc17xx_pinsel.o(i.set_PinFunc) for set_PinFunc
    lpc17xx_pinsel.o(i.PINSEL_ConfigPin) refers to lpc17xx_pinsel.o(i.set_ResistorMode) for set_ResistorMode
    lpc17xx_pinsel.o(i.PINSEL_ConfigPin) refers to lpc17xx_pinsel.o(i.set_OpenDrainMode) for set_OpenDrainMode
    lpc17xx_rit.o(i.RIT_DeInit) refers to lpc17xx_clkpwr.o(i.CLKPWR_ConfigPPWR) for CLKPWR_ConfigPPWR
    lpc17xx_rit.o(i.RIT_Init) refers to lpc17xx_clkpwr.o(i.CLKPWR_ConfigPPWR) for CLKPWR_ConfigPPWR
    lpc17xx_rit.o(i.RIT_TimerConfig) refers to lpc17xx_clkpwr.o(i.CLKPWR_GetPCLK) for CLKPWR_GetPCLK
    lpc17xx_systick.o(i.SYSTICK_ExternalInit) refers to fflt_clz.o(x$fpl$ffltu) for __aeabi_ui2f
    lpc17xx_systick.o(i.SYSTICK_ExternalInit) refers to frleqf.o(x$fpl$frleqf) for __aeabi_cfrcmple
    lpc17xx_systick.o(i.SYSTICK_InternalInit) refers to fflt_clz.o(x$fpl$ffltu) for __aeabi_ui2f
    lpc17xx_systick.o(i.SYSTICK_InternalInit) refers to frleqf.o(x$fpl$frleqf) for __aeabi_cfrcmple
    lpc17xx_systick.o(i.SYSTICK_InternalInit) refers to system_lpc17xx.o(.data) for SystemCoreClock
    lpc17xx_uart.o(i.UART_DeInit) refers to lpc17xx_uart.o(i.UART_TxCmd) for UART_TxCmd
    lpc17xx_uart.o(i.UART_DeInit) refers to lpc17xx_clkpwr.o(i.CLKPWR_ConfigPPWR) for CLKPWR_ConfigPPWR
    lpc17xx_uart.o(i.UART_Init) refers to lpc17xx_clkpwr.o(i.CLKPWR_ConfigPPWR) for CLKPWR_ConfigPPWR
    lpc17xx_uart.o(i.UART_Init) refers to lpc17xx_uart.o(i.uart_set_divisors) for uart_set_divisors
    lpc17xx_uart.o(i.UART_RS485Send) refers to lpc17xx_uart.o(i.UART_Send) for UART_Send
    lpc17xx_uart.o(i.UART_RS485SendData) refers to lpc17xx_uart.o(i.UART_RS485Send) for UART_RS485Send
    lpc17xx_uart.o(i.UART_RS485SendSlvAddr) refers to lpc17xx_uart.o(i.UART_RS485Send) for UART_RS485Send
    lpc17xx_uart.o(i.UART_Receive) refers to lpc17xx_uart.o(i.UART_ReceiveByte) for UART_ReceiveByte
    lpc17xx_uart.o(i.UART_Send) refers to lpc17xx_uart.o(i.UART_SendByte) for UART_SendByte
    lpc17xx_uart.o(i.uart_set_divisors) refers to lpc17xx_clkpwr.o(i.CLKPWR_GetPCLK) for CLKPWR_GetPCLK
    lpc17xx_uart.o(i.uart_set_divisors) refers to lludivv7m.o(.text) for __aeabi_uldivmod
    lpc17xx_rtc.o(i.RTC_DeInit) refers to lpc17xx_clkpwr.o(i.CLKPWR_ConfigPPWR) for CLKPWR_ConfigPPWR
    lpc17xx_rtc.o(i.RTC_Init) refers to lpc17xx_clkpwr.o(i.CLKPWR_ConfigPPWR) for CLKPWR_ConfigPPWR
    startup_lpc17xx.o(STACK) refers (Special) to heapauxi.o(.text) for __use_two_region_memory
    startup_lpc17xx.o(HEAP) refers (Special) to heapauxi.o(.text) for __use_two_region_memory
    startup_lpc17xx.o(RESET) refers (Special) to heapauxi.o(.text) for __use_two_region_memory
    startup_lpc17xx.o(RESET) refers to startup_lpc17xx.o(STACK) for __initial_sp
    startup_lpc17xx.o(RESET) refers to startup_lpc17xx.o(.text) for Reset_Handler
    startup_lpc17xx.o(RESET) refers to taskhandle_port.o(i.SysTick_Handler) for SysTick_Handler
    startup_lpc17xx.o(.ARM.__at_0x02FC) refers (Special) to heapauxi.o(.text) for __use_two_region_memory
    startup_lpc17xx.o(.text) refers (Special) to heapauxi.o(.text) for __use_two_region_memory
    startup_lpc17xx.o(.text) refers to system_lpc17xx.o(i.SystemInit) for SystemInit
    startup_lpc17xx.o(.text) refers to __main.o(!!!main) for __main
    startup_lpc17xx.o(.text) refers to startup_lpc17xx.o(HEAP) for Heap_Mem
    startup_lpc17xx.o(.text) refers to startup_lpc17xx.o(STACK) for Stack_Mem
    system_lpc17xx.o(i.SystemCoreClockUpdate) refers to lludivv7m.o(.text) for __aeabi_uldivmod
    system_lpc17xx.o(i.SystemCoreClockUpdate) refers to system_lpc17xx.o(.data) for SystemCoreClock
    __main.o(!!!main) refers to __rtentry.o(.ARM.Collect$$rtentry$$00000000) for __rt_entry
    fflt_clz.o(x$fpl$ffltu) refers (Special) to usenofp.o(x$fpl$usenofp) for __I$use$fp
    fflt_clz.o(x$fpl$fflt) refers (Special) to usenofp.o(x$fpl$usenofp) for __I$use$fp
    fflt_clz.o(x$fpl$ffltn) refers (Special) to usenofp.o(x$fpl$usenofp) for __I$use$fp
    frleqf.o(x$fpl$frleqf) refers (Special) to usenofp.o(x$fpl$usenofp) for __I$use$fp
    frleqf.o(x$fpl$frleqf) refers to fleqf.o(x$fpl$fleqf) for __fpl_fcmple_InfNaN
    __rtentry.o(.ARM.Collect$$rtentry$$00000000) refers (Special) to __rtentry2.o(.ARM.Collect$$rtentry$$0000000A) for __rt_entry_li
    __rtentry.o(.ARM.Collect$$rtentry$$00000000) refers (Special) to __rtentry2.o(.ARM.Collect$$rtentry$$0000000D) for __rt_entry_main
    __rtentry.o(.ARM.Collect$$rtentry$$00000000) refers (Special) to __rtentry2.o(.ARM.Collect$$rtentry$$0000000C) for __rt_entry_postli_1
    __rtentry.o(.ARM.Collect$$rtentry$$00000000) refers (Special) to __rtentry2.o(.ARM.Collect$$rtentry$$00000009) for __rt_entry_postsh_1
    __rtentry.o(.ARM.Collect$$rtentry$$00000000) refers (Special) to __rtentry2.o(.ARM.Collect$$rtentry$$00000002) for __rt_entry_presh_1
    __rtentry.o(.ARM.Collect$$rtentry$$00000000) refers (Special) to __rtentry4.o(.ARM.Collect$$rtentry$$00000004) for __rt_entry_sh
    aeabi_ldiv0_sigfpe.o(.text) refers to rt_div0.o(.text) for __rt_div0
    fleqf.o(x$fpl$fleqf) refers (Special) to usenofp.o(x$fpl$usenofp) for __I$use$fp
    fleqf.o(x$fpl$fleqf) refers to fnaninf.o(x$fpl$fnaninf) for __fpl_fnaninf
    fleqf.o(x$fpl$fleqf) refers to fcmpi.o(x$fpl$fcmpinf) for __fpl_fcmp_Inf
    __rtentry2.o(.ARM.Collect$$rtentry$$00000008) refers to boardinit2.o(.text) for _platform_post_stackheap_init
    __rtentry2.o(.ARM.Collect$$rtentry$$0000000A) refers to libinit.o(.ARM.Collect$$libinit$$00000000) for __rt_lib_init
    __rtentry2.o(.ARM.Collect$$rtentry$$0000000B) refers to boardinit3.o(.text) for _platform_post_lib_init
    __rtentry2.o(.ARM.Collect$$rtentry$$0000000D) refers to main.o(i.main) for main
    __rtentry2.o(.ARM.Collect$$rtentry$$0000000D) refers to exit.o(.text) for exit
    __rtentry2.o(.ARM.exidx) refers to __rtentry2.o(.ARM.Collect$$rtentry$$00000001) for .ARM.Collect$$rtentry$$00000001
    __rtentry2.o(.ARM.exidx) refers to __rtentry2.o(.ARM.Collect$$rtentry$$00000008) for .ARM.Collect$$rtentry$$00000008
    __rtentry2.o(.ARM.exidx) refers to __rtentry2.o(.ARM.Collect$$rtentry$$0000000A) for .ARM.Collect$$rtentry$$0000000A
    __rtentry2.o(.ARM.exidx) refers to __rtentry2.o(.ARM.Collect$$rtentry$$0000000B) for .ARM.Collect$$rtentry$$0000000B
    __rtentry2.o(.ARM.exidx) refers to __rtentry2.o(.ARM.Collect$$rtentry$$0000000D) for .ARM.Collect$$rtentry$$0000000D
    __rtentry4.o(.ARM.Collect$$rtentry$$00000004) refers to sys_stackheap_outer.o(.text) for __user_setup_stackheap
    __rtentry4.o(.ARM.exidx) refers to __rtentry4.o(.ARM.Collect$$rtentry$$00000004) for .ARM.Collect$$rtentry$$00000004
    rt_div0.o(.text) refers to defsig_fpe_outer.o(.text) for __rt_SIGFPE
    fcmpi.o(x$fpl$fcmpinf) refers (Special) to usenofp.o(x$fpl$usenofp) for __I$use$fp
    fnaninf.o(x$fpl$fnaninf) refers (Special) to usenofp.o(x$fpl$usenofp) for __I$use$fp
    sys_stackheap_outer.o(.text) refers to libspace.o(.text) for __user_perproc_libspace
    sys_stackheap_outer.o(.text) refers to startup_lpc17xx.o(.text) for __user_initial_stackheap
    exit.o(.text) refers to rtexit.o(.ARM.Collect$$rtexit$$00000000) for __rt_exit
    defsig_fpe_outer.o(.text) refers to defsig_fpe_inner.o(.text) for __rt_SIGFPE_inner
    defsig_fpe_outer.o(.text) refers to defsig_exit.o(.text) for __sig_exit
    defsig_fpe_formal.o(.text) refers to rt_raise.o(.text) for __rt_raise
    libinit.o(.ARM.Collect$$libinit$$00000000) refers (Special) to libinit2.o(.ARM.Collect$$libinit$$0000002E) for __rt_lib_init_alloca_1
    libinit.o(.ARM.Collect$$libinit$$00000000) refers (Special) to libinit2.o(.ARM.Collect$$libinit$$0000002C) for __rt_lib_init_argv_1
    libinit.o(.ARM.Collect$$libinit$$00000000) refers (Special) to libinit2.o(.ARM.Collect$$libinit$$0000001B) for __rt_lib_init_atexit_1
    libinit.o(.ARM.Collect$$libinit$$00000000) refers (Special) to libinit2.o(.ARM.Collect$$libinit$$00000021) for __rt_lib_init_clock_1
    libinit.o(.ARM.Collect$$libinit$$00000000) refers (Special) to libinit2.o(.ARM.Collect$$libinit$$00000032) for __rt_lib_init_cpp_1
    libinit.o(.ARM.Collect$$libinit$$00000000) refers (Special) to libinit2.o(.ARM.Collect$$libinit$$00000030) for __rt_lib_init_exceptions_1
    libinit.o(.ARM.Collect$$libinit$$00000000) refers (Special) to libinit2.o(.ARM.Collect$$libinit$$00000002) for __rt_lib_init_fp_1
    libinit.o(.ARM.Collect$$libinit$$00000000) refers (Special) to libinit2.o(.ARM.Collect$$libinit$$0000001F) for __rt_lib_init_fp_trap_1
    libinit.o(.ARM.Collect$$libinit$$00000000) refers (Special) to libinit2.o(.ARM.Collect$$libinit$$00000023) for __rt_lib_init_getenv_1
    libinit.o(.ARM.Collect$$libinit$$00000000) refers (Special) to libinit2.o(.ARM.Collect$$libinit$$0000000A) for __rt_lib_init_heap_1
    libinit.o(.ARM.Collect$$libinit$$00000000) refers (Special) to libinit2.o(.ARM.Collect$$libinit$$00000011) for __rt_lib_init_lc_collate_1
    libinit.o(.ARM.Collect$$libinit$$00000000) refers (Special) to libinit2.o(.ARM.Collect$$libinit$$00000013) for __rt_lib_init_lc_ctype_1
    libinit.o(.ARM.Collect$$libinit$$00000000) refers (Special) to libinit2.o(.ARM.Collect$$libinit$$00000015) for __rt_lib_init_lc_monetary_1
    libinit.o(.ARM.Collect$$libinit$$00000000) refers (Special) to libinit2.o(.ARM.Collect$$libinit$$00000017) for __rt_lib_init_lc_numeric_1
    libinit.o(.ARM.Collect$$libinit$$00000000) refers (Special) to libinit2.o(.ARM.Collect$$libinit$$00000019) for __rt_lib_init_lc_time_1
    libinit.o(.ARM.Collect$$libinit$$00000000) refers (Special) to libinit2.o(.ARM.Collect$$libinit$$00000004) for __rt_lib_init_preinit_1
    libinit.o(.ARM.Collect$$libinit$$00000000) refers (Special) to libinit2.o(.ARM.Collect$$libinit$$0000000E) for __rt_lib_init_rand_1
    libinit.o(.ARM.Collect$$libinit$$00000000) refers (Special) to libinit2.o(.ARM.Collect$$libinit$$00000033) for __rt_lib_init_return
    libinit.o(.ARM.Collect$$libinit$$00000000) refers (Special) to libinit2.o(.ARM.Collect$$libinit$$0000001D) for __rt_lib_init_signal_1
    libinit.o(.ARM.Collect$$libinit$$00000000) refers (Special) to libinit2.o(.ARM.Collect$$libinit$$00000025) for __rt_lib_init_stdio_1
    libinit.o(.ARM.Collect$$libinit$$00000000) refers (Special) to libinit2.o(.ARM.Collect$$libinit$$0000000C) for __rt_lib_init_user_alloc_1
    libspace.o(.text) refers to libspace.o(.bss) for __libspace_start
    rtexit.o(.ARM.Collect$$rtexit$$00000000) refers (Special) to rtexit2.o(.ARM.Collect$$rtexit$$00000004) for __rt_exit_exit
    rtexit.o(.ARM.Collect$$rtexit$$00000000) refers (Special) to rtexit2.o(.ARM.Collect$$rtexit$$00000003) for __rt_exit_ls
    rtexit.o(.ARM.Collect$$rtexit$$00000000) refers (Special) to rtexit2.o(.ARM.Collect$$rtexit$$00000002) for __rt_exit_prels_1
    rtexit.o(.ARM.exidx) refers (Special) to rtexit2.o(.ARM.Collect$$rtexit$$00000004) for __rt_exit_exit
    rtexit.o(.ARM.exidx) refers (Special) to rtexit2.o(.ARM.Collect$$rtexit$$00000003) for __rt_exit_ls
    rtexit.o(.ARM.exidx) refers (Special) to rtexit2.o(.ARM.Collect$$rtexit$$00000002) for __rt_exit_prels_1
    rtexit.o(.ARM.exidx) refers to rtexit.o(.ARM.Collect$$rtexit$$00000000) for .ARM.Collect$$rtexit$$00000000
    rt_raise.o(.text) refers to __raise.o(.text) for __raise
    rt_raise.o(.text) refers to sys_exit.o(.text) for _sys_exit
    defsig_exit.o(.text) refers to sys_exit.o(.text) for _sys_exit
    defsig_fpe_inner.o(.text) refers to defsig_general.o(.text) for __default_signal_display
    libinit2.o(.ARM.Collect$$libinit$$00000010) refers to libinit2.o(.ARM.Collect$$libinit$$0000000F) for .ARM.Collect$$libinit$$0000000F
    libinit2.o(.ARM.Collect$$libinit$$00000012) refers to libinit2.o(.ARM.Collect$$libinit$$0000000F) for .ARM.Collect$$libinit$$0000000F
    libinit2.o(.ARM.Collect$$libinit$$00000014) refers to libinit2.o(.ARM.Collect$$libinit$$0000000F) for .ARM.Collect$$libinit$$0000000F
    libinit2.o(.ARM.Collect$$libinit$$00000016) refers to libinit2.o(.ARM.Collect$$libinit$$0000000F) for .ARM.Collect$$libinit$$0000000F
    libinit2.o(.ARM.Collect$$libinit$$00000018) refers to libinit2.o(.ARM.Collect$$libinit$$0000000F) for .ARM.Collect$$libinit$$0000000F
    libinit2.o(.ARM.Collect$$libinit$$00000026) refers to argv_veneer.o(.emb_text) for __ARM_argv_veneer
    libinit2.o(.ARM.Collect$$libinit$$00000027) refers to argv_veneer.o(.emb_text) for __ARM_argv_veneer
    sys_exit.o(.text) refers (Special) to use_no_semi.o(.text) for __I$use$semihosting
    sys_exit.o(.text) refers (Special) to indicate_semi.o(.text) for __semihosting_library_function
    rtexit2.o(.ARM.Collect$$rtexit$$00000003) refers to libshutdown.o(.ARM.Collect$$libshutdown$$00000000) for __rt_lib_shutdown
    rtexit2.o(.ARM.Collect$$rtexit$$00000004) refers to sys_exit.o(.text) for _sys_exit
    rtexit2.o(.ARM.exidx) refers to rtexit2.o(.ARM.Collect$$rtexit$$00000001) for .ARM.Collect$$rtexit$$00000001
    rtexit2.o(.ARM.exidx) refers to rtexit2.o(.ARM.Collect$$rtexit$$00000003) for .ARM.Collect$$rtexit$$00000003
    rtexit2.o(.ARM.exidx) refers to rtexit2.o(.ARM.Collect$$rtexit$$00000004) for .ARM.Collect$$rtexit$$00000004
    __raise.o(.text) refers to defsig.o(CL$$defsig) for __default_signal_handler
    defsig_general.o(.text) refers to sys_wrch.o(.text) for _ttywrch
    argv_veneer.o(.emb_text) refers to no_argv.o(.text) for __ARM_get_argv
    sys_wrch.o(.text) refers (Special) to use_no_semi.o(.text) for __I$use$semihosting
    sys_wrch.o(.text) refers (Special) to indicate_semi.o(.text) for __semihosting_library_function
    defsig.o(CL$$defsig) refers to defsig_fpe_inner.o(.text) for __rt_SIGFPE_inner
    defsig.o(CL$$defsig) refers to defsig_rtmem_inner.o(.text) for __rt_SIGRTMEM_inner
    _get_argv_nomalloc.o(.text) refers (Special) to hrguard.o(.text) for __heap_region$guard
    _get_argv_nomalloc.o(.text) refers to defsig_rtmem_outer.o(.text) for __rt_SIGRTMEM
    _get_argv_nomalloc.o(.text) refers to sys_command.o(.text) for _sys_command_string
    libshutdown.o(.ARM.Collect$$libshutdown$$00000000) refers (Special) to libshutdown2.o(.ARM.Collect$$libshutdown$$00000002) for __rt_lib_shutdown_cpp_1
    libshutdown.o(.ARM.Collect$$libshutdown$$00000000) refers (Special) to libshutdown2.o(.ARM.Collect$$libshutdown$$00000007) for __rt_lib_shutdown_fp_trap_1
    libshutdown.o(.ARM.Collect$$libshutdown$$00000000) refers (Special) to libshutdown2.o(.ARM.Collect$$libshutdown$$0000000F) for __rt_lib_shutdown_heap_1
    libshutdown.o(.ARM.Collect$$libshutdown$$00000000) refers (Special) to libshutdown2.o(.ARM.Collect$$libshutdown$$00000010) for __rt_lib_shutdown_return
    libshutdown.o(.ARM.Collect$$libshutdown$$00000000) refers (Special) to libshutdown2.o(.ARM.Collect$$libshutdown$$0000000A) for __rt_lib_shutdown_signal_1
    libshutdown.o(.ARM.Collect$$libshutdown$$00000000) refers (Special) to libshutdown2.o(.ARM.Collect$$libshutdown$$00000004) for __rt_lib_shutdown_stdio_1
    libshutdown.o(.ARM.Collect$$libshutdown$$00000000) refers (Special) to libshutdown2.o(.ARM.Collect$$libshutdown$$0000000C) for __rt_lib_shutdown_user_alloc_1
    sys_command.o(.text) refers (Special) to use_no_semi.o(.text) for __I$use$semihosting
    sys_command.o(.text) refers (Special) to indicate_semi.o(.text) for __semihosting_library_function
    defsig_abrt_inner.o(.text) refers to defsig_general.o(.text) for __default_signal_display
    defsig_rtred_inner.o(.text) refers to defsig_general.o(.text) for __default_signal_display
    defsig_rtmem_inner.o(.text) refers to defsig_general.o(.text) for __default_signal_display
    defsig_rtmem_outer.o(.text) refers to defsig_rtmem_inner.o(.text) for __rt_SIGRTMEM_inner
    defsig_rtmem_outer.o(.text) refers to defsig_exit.o(.text) for __sig_exit
    defsig_rtmem_formal.o(.text) refers to rt_raise.o(.text) for __rt_raise
    defsig_stak_inner.o(.text) refers to defsig_general.o(.text) for __default_signal_display
    defsig_pvfn_inner.o(.text) refers to defsig_general.o(.text) for __default_signal_display
    defsig_cppl_inner.o(.text) refers to defsig_general.o(.text) for __default_signal_display
    defsig_segv_inner.o(.text) refers to defsig_general.o(.text) for __default_signal_display
    defsig_other.o(.text) refers to defsig_general.o(.text) for __default_signal_display


==============================================================================

Removing Unused input sections from the image.

    Removing hardware.o(.rev16_text), (4 bytes).
    Removing hardware.o(.revsh_text), (4 bytes).
    Removing hardware.o(.rrx_text), (6 bytes).
    Removing taskhandle.o(i.Task_SetNextStepParam), (24 bytes).
    Removing taskhandle_port.o(.rev16_text), (4 bytes).
    Removing taskhandle_port.o(.revsh_text), (4 bytes).
    Removing taskhandle_port.o(.rrx_text), (6 bytes).
    Removing kbd.o(.rev16_text), (4 bytes).
    Removing kbd.o(.revsh_text), (4 bytes).
    Removing kbd.o(.rrx_text), (6 bytes).
    Removing task_refresh.o(.rev16_text), (4 bytes).
    Removing task_refresh.o(.revsh_text), (4 bytes).
    Removing task_refresh.o(.rrx_text), (6 bytes).
    Removing task_key.o(.rev16_text), (4 bytes).
    Removing task_key.o(.revsh_text), (4 bytes).
    Removing task_key.o(.rrx_text), (6 bytes).
    Removing lpc17xx_clkpwr.o(.rev16_text), (4 bytes).
    Removing lpc17xx_clkpwr.o(.revsh_text), (4 bytes).
    Removing lpc17xx_clkpwr.o(.rrx_text), (6 bytes).
    Removing lpc17xx_clkpwr.o(i.CLKPWR_ConfigPPWR), (56 bytes).
    Removing lpc17xx_clkpwr.o(i.CLKPWR_DeepPowerDown), (24 bytes).
    Removing lpc17xx_clkpwr.o(i.CLKPWR_DeepSleep), (24 bytes).
    Removing lpc17xx_clkpwr.o(i.CLKPWR_GetPCLK), (64 bytes).
    Removing lpc17xx_clkpwr.o(i.CLKPWR_GetPCLKSEL), (40 bytes).
    Removing lpc17xx_clkpwr.o(i.CLKPWR_PowerDown), (24 bytes).
    Removing lpc17xx_clkpwr.o(i.CLKPWR_SetPCLKDiv), (104 bytes).
    Removing lpc17xx_clkpwr.o(i.CLKPWR_Sleep), (16 bytes).
    Removing lpc17xx_gpio.o(.rev16_text), (4 bytes).
    Removing lpc17xx_gpio.o(.revsh_text), (4 bytes).
    Removing lpc17xx_gpio.o(.rrx_text), (6 bytes).
    Removing lpc17xx_gpio.o(i.FIO_ByteSetMask), (66 bytes).
    Removing lpc17xx_gpio.o(i.FIO_ClearInt), (16 bytes).
    Removing lpc17xx_gpio.o(i.FIO_ClearValue), (16 bytes).
    Removing lpc17xx_gpio.o(i.FIO_GetIntStatus), (20 bytes).
    Removing lpc17xx_gpio.o(i.FIO_HalfWordClearValue), (32 bytes).
    Removing lpc17xx_gpio.o(i.FIO_HalfWordGetPointer), (56 bytes).
    Removing lpc17xx_gpio.o(i.FIO_HalfWordReadValue), (30 bytes).
    Removing lpc17xx_gpio.o(i.FIO_HalfWordSetDir), (62 bytes).
    Removing lpc17xx_gpio.o(i.FIO_HalfWordSetMask), (62 bytes).
    Removing lpc17xx_gpio.o(i.FIO_HalfWordSetValue), (32 bytes).
    Removing lpc17xx_gpio.o(i.FIO_IntCmd), (20 bytes).
    Removing lpc17xx_gpio.o(i.FIO_ReadValue), (12 bytes).
    Removing lpc17xx_gpio.o(i.FIO_SetDir), (20 bytes).
    Removing lpc17xx_gpio.o(i.FIO_SetMask), (40 bytes).
    Removing lpc17xx_gpio.o(i.FIO_SetValue), (16 bytes).
    Removing lpc17xx_gpio.o(i.GPIO_ClearInt), (32 bytes).
    Removing lpc17xx_gpio.o(i.GPIO_GetIntStatus), (88 bytes).
    Removing lpc17xx_gpio.o(i.GPIO_IntCmd), (64 bytes).
    Removing lpc17xx_gpio.o(i.GPIO_ReadValue), (22 bytes).
    Removing lpc17xx_nvic.o(.rev16_text), (4 bytes).
    Removing lpc17xx_nvic.o(.revsh_text), (4 bytes).
    Removing lpc17xx_nvic.o(.rrx_text), (6 bytes).
    Removing lpc17xx_nvic.o(i.NVIC_DeInit), (68 bytes).
    Removing lpc17xx_nvic.o(i.NVIC_SCBDeInit), (84 bytes).
    Removing lpc17xx_nvic.o(i.NVIC_SetVTOR), (12 bytes).
    Removing lpc17xx_pinsel.o(.rev16_text), (4 bytes).
    Removing lpc17xx_pinsel.o(.revsh_text), (4 bytes).
    Removing lpc17xx_pinsel.o(.rrx_text), (6 bytes).
    Removing lpc17xx_pinsel.o(i.PINSEL_ConfigTraceFunc), (40 bytes).
    Removing lpc17xx_pinsel.o(i.PINSEL_SetI2C0Pins), (20 bytes).
    Removing lpc17xx_rit.o(.rev16_text), (4 bytes).
    Removing lpc17xx_rit.o(.revsh_text), (4 bytes).
    Removing lpc17xx_rit.o(.rrx_text), (6 bytes).
    Removing lpc17xx_rit.o(i.RIT_Cmd), (24 bytes).
    Removing lpc17xx_rit.o(i.RIT_DeInit), (34 bytes).
    Removing lpc17xx_rit.o(i.RIT_GetIntStatus), (30 bytes).
    Removing lpc17xx_rit.o(i.RIT_Init), (32 bytes).
    Removing lpc17xx_rit.o(i.RIT_TimerConfig), (42 bytes).
    Removing lpc17xx_rit.o(i.RIT_TimerDebugCmd), (24 bytes).
    Removing lpc17xx_systick.o(.rev16_text), (4 bytes).
    Removing lpc17xx_systick.o(.revsh_text), (4 bytes).
    Removing lpc17xx_systick.o(.rrx_text), (6 bytes).
    Removing lpc17xx_systick.o(i.SYSTICK_ExternalInit), (110 bytes).
    Removing lpc17xx_systick.o(i.SYSTICK_GetCurrentValue), (8 bytes).
    Removing lpc17xx_uart.o(.rev16_text), (4 bytes).
    Removing lpc17xx_uart.o(.revsh_text), (4 bytes).
    Removing lpc17xx_uart.o(.rrx_text), (6 bytes).
    Removing lpc17xx_uart.o(i.UART_ABClearIntPending), (28 bytes).
    Removing lpc17xx_uart.o(i.UART_ABCmd), (132 bytes).
    Removing lpc17xx_uart.o(i.UART_CheckBusy), (18 bytes).
    Removing lpc17xx_uart.o(i.UART_ConfigStructInit), (18 bytes).
    Removing lpc17xx_uart.o(i.UART_DeInit), (92 bytes).
    Removing lpc17xx_uart.o(i.UART_FIFOConfig), (108 bytes).
    Removing lpc17xx_uart.o(i.UART_FIFOConfigStructInit), (14 bytes).
    Removing lpc17xx_uart.o(i.UART_ForceBreak), (32 bytes).
    Removing lpc17xx_uart.o(i.UART_FullModemConfigMode), (56 bytes).
    Removing lpc17xx_uart.o(i.UART_FullModemForcePinState), (48 bytes).
    Removing lpc17xx_uart.o(i.UART_FullModemGetStatus), (6 bytes).
    Removing lpc17xx_uart.o(i.UART_GetIntId), (12 bytes).
    Removing lpc17xx_uart.o(i.UART_GetLineStatus), (20 bytes).
    Removing lpc17xx_uart.o(i.UART_Init), (384 bytes).
    Removing lpc17xx_uart.o(i.UART_IntConfig), (120 bytes).
    Removing lpc17xx_uart.o(i.UART_IrDACmd), (32 bytes).
    Removing lpc17xx_uart.o(i.UART_IrDAInvtInputCmd), (34 bytes).
    Removing lpc17xx_uart.o(i.UART_IrDAPulseDivConfig), (30 bytes).
    Removing lpc17xx_uart.o(i.UART_RS485Config), (92 bytes).
    Removing lpc17xx_uart.o(i.UART_RS485ReceiverCmd), (32 bytes).
    Removing lpc17xx_uart.o(i.UART_RS485Send), (88 bytes).
    Removing lpc17xx_uart.o(i.UART_RS485SendData), (22 bytes).
    Removing lpc17xx_uart.o(i.UART_RS485SendSlvAddr), (18 bytes).
    Removing lpc17xx_uart.o(i.UART_Receive), (114 bytes).
    Removing lpc17xx_uart.o(i.UART_ReceiveByte), (20 bytes).
    Removing lpc17xx_uart.o(i.UART_Send), (148 bytes).
    Removing lpc17xx_uart.o(i.UART_SendByte), (20 bytes).
    Removing lpc17xx_uart.o(i.UART_TxCmd), (72 bytes).
    Removing lpc17xx_uart.o(i.uart_set_divisors), (480 bytes).
    Removing lpc17xx_rtc.o(.rev16_text), (4 bytes).
    Removing lpc17xx_rtc.o(.revsh_text), (4 bytes).
    Removing lpc17xx_rtc.o(.rrx_text), (6 bytes).
    Removing lpc17xx_rtc.o(i.RTC_AlarmIntConfig), (202 bytes).
    Removing lpc17xx_rtc.o(i.RTC_CalibConfig), (22 bytes).
    Removing lpc17xx_rtc.o(i.RTC_CalibCounterCmd), (24 bytes).
    Removing lpc17xx_rtc.o(i.RTC_ClearIntPending), (8 bytes).
    Removing lpc17xx_rtc.o(i.RTC_Cmd), (24 bytes).
    Removing lpc17xx_rtc.o(i.RTC_CntIncrIntConfig), (202 bytes).
    Removing lpc17xx_rtc.o(i.RTC_DeInit), (20 bytes).
    Removing lpc17xx_rtc.o(i.RTC_GetAlarmTime), (102 bytes).
    Removing lpc17xx_rtc.o(i.RTC_GetFullAlarmTime), (70 bytes).
    Removing lpc17xx_rtc.o(i.RTC_GetFullTime), (70 bytes).
    Removing lpc17xx_rtc.o(i.RTC_GetIntPending), (16 bytes).
    Removing lpc17xx_rtc.o(i.RTC_GetTime), (98 bytes).
    Removing lpc17xx_rtc.o(i.RTC_Init), (30 bytes).
    Removing lpc17xx_rtc.o(i.RTC_ReadGPREG), (16 bytes).
    Removing lpc17xx_rtc.o(i.RTC_ResetClockTickCounter), (18 bytes).
    Removing lpc17xx_rtc.o(i.RTC_SetAlarmTime), (100 bytes).
    Removing lpc17xx_rtc.o(i.RTC_SetFullAlarmTime), (70 bytes).
    Removing lpc17xx_rtc.o(i.RTC_SetFullTime), (70 bytes).
    Removing lpc17xx_rtc.o(i.RTC_SetTime), (96 bytes).
    Removing lpc17xx_rtc.o(i.RTC_WriteGPREG), (14 bytes).
    Removing system_lpc17xx.o(.rev16_text), (4 bytes).
    Removing system_lpc17xx.o(.revsh_text), (4 bytes).
    Removing system_lpc17xx.o(.rrx_text), (6 bytes).
    Removing system_lpc17xx.o(i.SystemCoreClockUpdate), (424 bytes).

133 unused section(s) (total 5792 bytes) removed from the image.

==============================================================================

Image Symbol Table

    Local Symbols

    Symbol Name                              Value     Ov Type        Size  Object(Section)

    RESET                                    0x00000000   Section      204  startup_lpc17xx.o(RESET)
    ../clib/angel/boardlib.s                 0x00000000   Number         0  boardshut.o ABSOLUTE
    ../clib/angel/boardlib.s                 0x00000000   Number         0  boardinit1.o ABSOLUTE
    ../clib/angel/boardlib.s                 0x00000000   Number         0  boardinit2.o ABSOLUTE
    ../clib/angel/boardlib.s                 0x00000000   Number         0  boardinit3.o ABSOLUTE
    ../clib/angel/handlers.s                 0x00000000   Number         0  __scatter_zi.o ABSOLUTE
    ../clib/angel/handlers.s                 0x00000000   Number         0  __scatter_copy.o ABSOLUTE
    ../clib/angel/kernel.s                   0x00000000   Number         0  rtexit.o ABSOLUTE
    ../clib/angel/kernel.s                   0x00000000   Number         0  __rtentry4.o ABSOLUTE
    ../clib/angel/kernel.s                   0x00000000   Number         0  __rtentry2.o ABSOLUTE
    ../clib/angel/kernel.s                   0x00000000   Number         0  __rtentry.o ABSOLUTE
    ../clib/angel/kernel.s                   0x00000000   Number         0  rtexit2.o ABSOLUTE
    ../clib/angel/rt.s                       0x00000000   Number         0  rt_raise.o ABSOLUTE
    ../clib/angel/rt.s                       0x00000000   Number         0  rt_div0.o ABSOLUTE
    ../clib/angel/rt.s                       0x00000000   Number         0  aeabi_ldiv0.o ABSOLUTE
    ../clib/angel/rt.s                       0x00000000   Number         0  aeabi_ldiv0_sigfpe.o ABSOLUTE
    ../clib/angel/scatter.s                  0x00000000   Number         0  __scatter.o ABSOLUTE
    ../clib/angel/startup.s                  0x00000000   Number         0  __main.o ABSOLUTE
    ../clib/angel/sys.s                      0x00000000   Number         0  libspace.o ABSOLUTE
    ../clib/angel/sys.s                      0x00000000   Number         0  sys_stackheap_outer.o ABSOLUTE
    ../clib/angel/sys.s                      0x00000000   Number         0  indicate_semi.o ABSOLUTE
    ../clib/angel/sys.s                      0x00000000   Number         0  use_no_semi.o ABSOLUTE
    ../clib/angel/sysapp.c                   0x00000000   Number         0  sys_command.o ABSOLUTE
    ../clib/angel/sysapp.c                   0x00000000   Number         0  sys_exit.o ABSOLUTE
    ../clib/angel/sysapp.c                   0x00000000   Number         0  sys_wrch.o ABSOLUTE
    ../clib/armsys.c                         0x00000000   Number         0  no_argv.o ABSOLUTE
    ../clib/armsys.c                         0x00000000   Number         0  argv_veneer.o ABSOLUTE
    ../clib/armsys.c                         0x00000000   Number         0  _get_argv_nomalloc.o ABSOLUTE
    ../clib/armsys.c                         0x00000000   Number         0  argv_veneer.o ABSOLUTE
    ../clib/heapalloc.c                      0x00000000   Number         0  hrguard.o ABSOLUTE
    ../clib/heapaux.c                        0x00000000   Number         0  heapauxi.o ABSOLUTE
    ../clib/libinit.s                        0x00000000   Number         0  libinit2.o ABSOLUTE
    ../clib/libinit.s                        0x00000000   Number         0  libshutdown.o ABSOLUTE
    ../clib/libinit.s                        0x00000000   Number         0  libshutdown2.o ABSOLUTE
    ../clib/libinit.s                        0x00000000   Number         0  libinit.o ABSOLUTE
    ../clib/longlong.s                       0x00000000   Number         0  lludivv7m.o ABSOLUTE
    ../clib/signal.c                         0x00000000   Number         0  defsig_general.o ABSOLUTE
    ../clib/signal.c                         0x00000000   Number         0  __raise.o ABSOLUTE
    ../clib/signal.c                         0x00000000   Number         0  defsig_rtmem_formal.o ABSOLUTE
    ../clib/signal.c                         0x00000000   Number         0  defsig_abrt_inner.o ABSOLUTE
    ../clib/signal.c                         0x00000000   Number         0  defsig_rtred_inner.o ABSOLUTE
    ../clib/signal.c                         0x00000000   Number         0  defsig_rtmem_inner.o ABSOLUTE
    ../clib/signal.c                         0x00000000   Number         0  defsig_rtmem_outer.o ABSOLUTE
    ../clib/signal.c                         0x00000000   Number         0  defsig_fpe_inner.o ABSOLUTE
    ../clib/signal.c                         0x00000000   Number         0  defsig_stak_inner.o ABSOLUTE
    ../clib/signal.c                         0x00000000   Number         0  defsig_exit.o ABSOLUTE
    ../clib/signal.c                         0x00000000   Number         0  defsig_pvfn_inner.o ABSOLUTE
    ../clib/signal.c                         0x00000000   Number         0  defsig_other.o ABSOLUTE
    ../clib/signal.c                         0x00000000   Number         0  defsig_segv_inner.o ABSOLUTE
    ../clib/signal.c                         0x00000000   Number         0  defsig_fpe_formal.o ABSOLUTE
    ../clib/signal.c                         0x00000000   Number         0  defsig_cppl_inner.o ABSOLUTE
    ../clib/signal.c                         0x00000000   Number         0  defsig_fpe_outer.o ABSOLUTE
    ../clib/signal.s                         0x00000000   Number         0  defsig.o ABSOLUTE
    ../clib/stdlib.c                         0x00000000   Number         0  exit.o ABSOLUTE
    ../fplib/fcmpi.s                         0x00000000   Number         0  fcmpi.o ABSOLUTE
    ../fplib/fflt.s                          0x00000000   Number         0  fflt_clz.o ABSOLUTE
    ../fplib/fleqf.s                         0x00000000   Number         0  fleqf.o ABSOLUTE
    ../fplib/fnaninf.s                       0x00000000   Number         0  fnaninf.o ABSOLUTE
    ../fplib/fpinit.s                        0x00000000   Number         0  fpinit.o ABSOLUTE
    ../fplib/frleqf.s                        0x00000000   Number         0  frleqf.o ABSOLUTE
    ../fplib/usenofp.s                       0x00000000   Number         0  usenofp.o ABSOLUTE
    ..\..\Drivers\source\lpc17xx_clkpwr.c    0x00000000   Number         0  lpc17xx_clkpwr.o ABSOLUTE
    ..\..\Drivers\source\lpc17xx_gpio.c      0x00000000   Number         0  lpc17xx_gpio.o ABSOLUTE
    ..\..\Drivers\source\lpc17xx_nvic.c      0x00000000   Number         0  lpc17xx_nvic.o ABSOLUTE
    ..\..\Drivers\source\lpc17xx_pinsel.c    0x00000000   Number         0  lpc17xx_pinsel.o ABSOLUTE
    ..\..\Drivers\source\lpc17xx_rit.c       0x00000000   Number         0  lpc17xx_rit.o ABSOLUTE
    ..\..\Drivers\source\lpc17xx_rtc.c       0x00000000   Number         0  lpc17xx_rtc.o ABSOLUTE
    ..\..\Drivers\source\lpc17xx_systick.c   0x00000000   Number         0  lpc17xx_systick.o ABSOLUTE
    ..\..\Drivers\source\lpc17xx_uart.c      0x00000000   Number         0  lpc17xx_uart.o ABSOLUTE
    ..\..\src\Hardware.c                     0x00000000   Number         0  hardware.o ABSOLUTE
    ..\..\src\TaskHandle.c                   0x00000000   Number         0  taskhandle.o ABSOLUTE
    ..\..\src\TaskHandle_Port.c              0x00000000   Number         0  taskhandle_port.o ABSOLUTE
    ..\..\src\Task_Key.c                     0x00000000   Number         0  task_key.o ABSOLUTE
    ..\..\src\Task_Refresh.c                 0x00000000   Number         0  task_refresh.o ABSOLUTE
    ..\..\src\kbd.c                          0x00000000   Number         0  kbd.o ABSOLUTE
    ..\..\src\main.c                         0x00000000   Number         0  main.o ABSOLUTE
    ..\\..\\Drivers\\source\\lpc17xx_clkpwr.c 0x00000000   Number         0  lpc17xx_clkpwr.o ABSOLUTE
    ..\\..\\Drivers\\source\\lpc17xx_gpio.c  0x00000000   Number         0  lpc17xx_gpio.o ABSOLUTE
    ..\\..\\Drivers\\source\\lpc17xx_nvic.c  0x00000000   Number         0  lpc17xx_nvic.o ABSOLUTE
    ..\\..\\Drivers\\source\\lpc17xx_pinsel.c 0x00000000   Number         0  lpc17xx_pinsel.o ABSOLUTE
    ..\\..\\Drivers\\source\\lpc17xx_rit.c   0x00000000   Number         0  lpc17xx_rit.o ABSOLUTE
    ..\\..\\Drivers\\source\\lpc17xx_rtc.c   0x00000000   Number         0  lpc17xx_rtc.o ABSOLUTE
    ..\\..\\Drivers\\source\\lpc17xx_systick.c 0x00000000   Number         0  lpc17xx_systick.o ABSOLUTE
    ..\\..\\Drivers\\source\\lpc17xx_uart.c  0x00000000   Number         0  lpc17xx_uart.o ABSOLUTE
    ..\\..\\src\\Hardware.c                  0x00000000   Number         0  hardware.o ABSOLUTE
    ..\\..\\src\\TaskHandle_Port.c           0x00000000   Number         0  taskhandle_port.o ABSOLUTE
    ..\\..\\src\\Task_Key.c                  0x00000000   Number         0  task_key.o ABSOLUTE
    ..\\..\\src\\Task_Refresh.c              0x00000000   Number         0  task_refresh.o ABSOLUTE
    ..\\..\\src\\kbd.c                       0x00000000   Number         0  kbd.o ABSOLUTE
    RTE\Device\LPC1768\startup_LPC17xx.s     0x00000000   Number         0  startup_lpc17xx.o ABSOLUTE
    RTE\Device\LPC1768\system_LPC17xx.c      0x00000000   Number         0  system_lpc17xx.o ABSOLUTE
    RTE\\Device\\LPC1768\\system_LPC17xx.c   0x00000000   Number         0  system_lpc17xx.o ABSOLUTE
    dc.s                                     0x00000000   Number         0  dc.o ABSOLUTE
    !!!main                                  0x000000cc   Section        8  __main.o(!!!main)
    !!!scatter                               0x000000d4   Section       52  __scatter.o(!!!scatter)
    !!handler_copy                           0x00000108   Section       26  __scatter_copy.o(!!handler_copy)
    !!handler_zi                             0x00000124   Section       28  __scatter_zi.o(!!handler_zi)
    .ARM.Collect$$libinit$$00000000          0x00000140   Section        2  libinit.o(.ARM.Collect$$libinit$$00000000)
    .ARM.Collect$$libinit$$00000002          0x00000142   Section        0  libinit2.o(.ARM.Collect$$libinit$$00000002)
    .ARM.Collect$$libinit$$00000004          0x00000142   Section        0  libinit2.o(.ARM.Collect$$libinit$$00000004)
    .ARM.Collect$$libinit$$0000000A          0x00000142   Section        0  libinit2.o(.ARM.Collect$$libinit$$0000000A)
    .ARM.Collect$$libinit$$0000000C          0x00000142   Section        0  libinit2.o(.ARM.Collect$$libinit$$0000000C)
    .ARM.Collect$$libinit$$0000000E          0x00000142   Section        0  libinit2.o(.ARM.Collect$$libinit$$0000000E)
    .ARM.Collect$$libinit$$00000011          0x00000142   Section        0  libinit2.o(.ARM.Collect$$libinit$$00000011)
    .ARM.Collect$$libinit$$00000013          0x00000142   Section        0  libinit2.o(.ARM.Collect$$libinit$$00000013)
    .ARM.Collect$$libinit$$00000015          0x00000142   Section        0  libinit2.o(.ARM.Collect$$libinit$$00000015)
    .ARM.Collect$$libinit$$00000017          0x00000142   Section        0  libinit2.o(.ARM.Collect$$libinit$$00000017)
    .ARM.Collect$$libinit$$00000019          0x00000142   Section        0  libinit2.o(.ARM.Collect$$libinit$$00000019)
    .ARM.Collect$$libinit$$0000001B          0x00000142   Section        0  libinit2.o(.ARM.Collect$$libinit$$0000001B)
    .ARM.Collect$$libinit$$0000001D          0x00000142   Section        0  libinit2.o(.ARM.Collect$$libinit$$0000001D)
    .ARM.Collect$$libinit$$0000001F          0x00000142   Section        0  libinit2.o(.ARM.Collect$$libinit$$0000001F)
    .ARM.Collect$$libinit$$00000021          0x00000142   Section        0  libinit2.o(.ARM.Collect$$libinit$$00000021)
    .ARM.Collect$$libinit$$00000023          0x00000142   Section        0  libinit2.o(.ARM.Collect$$libinit$$00000023)
    .ARM.Collect$$libinit$$00000025          0x00000142   Section        0  libinit2.o(.ARM.Collect$$libinit$$00000025)
    .ARM.Collect$$libinit$$0000002C          0x00000142   Section        0  libinit2.o(.ARM.Collect$$libinit$$0000002C)
    .ARM.Collect$$libinit$$0000002E          0x00000142   Section        0  libinit2.o(.ARM.Collect$$libinit$$0000002E)
    .ARM.Collect$$libinit$$00000030          0x00000142   Section        0  libinit2.o(.ARM.Collect$$libinit$$00000030)
    .ARM.Collect$$libinit$$00000032          0x00000142   Section        0  libinit2.o(.ARM.Collect$$libinit$$00000032)
    .ARM.Collect$$libinit$$00000033          0x00000142   Section        2  libinit2.o(.ARM.Collect$$libinit$$00000033)
    .ARM.Collect$$libshutdown$$00000000      0x00000144   Section        2  libshutdown.o(.ARM.Collect$$libshutdown$$00000000)
    .ARM.Collect$$libshutdown$$00000002      0x00000146   Section        0  libshutdown2.o(.ARM.Collect$$libshutdown$$00000002)
    .ARM.Collect$$libshutdown$$00000004      0x00000146   Section        0  libshutdown2.o(.ARM.Collect$$libshutdown$$00000004)
    .ARM.Collect$$libshutdown$$00000007      0x00000146   Section        0  libshutdown2.o(.ARM.Collect$$libshutdown$$00000007)
    .ARM.Collect$$libshutdown$$0000000A      0x00000146   Section        0  libshutdown2.o(.ARM.Collect$$libshutdown$$0000000A)
    .ARM.Collect$$libshutdown$$0000000C      0x00000146   Section        0  libshutdown2.o(.ARM.Collect$$libshutdown$$0000000C)
    .ARM.Collect$$libshutdown$$0000000F      0x00000146   Section        0  libshutdown2.o(.ARM.Collect$$libshutdown$$0000000F)
    .ARM.Collect$$libshutdown$$00000010      0x00000146   Section        2  libshutdown2.o(.ARM.Collect$$libshutdown$$00000010)
    .ARM.Collect$$rtentry$$00000000          0x00000148   Section        0  __rtentry.o(.ARM.Collect$$rtentry$$00000000)
    .ARM.Collect$$rtentry$$00000002          0x00000148   Section        0  __rtentry2.o(.ARM.Collect$$rtentry$$00000002)
    .ARM.Collect$$rtentry$$00000004          0x00000148   Section        6  __rtentry4.o(.ARM.Collect$$rtentry$$00000004)
    .ARM.Collect$$rtentry$$00000009          0x0000014e   Section        0  __rtentry2.o(.ARM.Collect$$rtentry$$00000009)
    .ARM.Collect$$rtentry$$0000000A          0x0000014e   Section        4  __rtentry2.o(.ARM.Collect$$rtentry$$0000000A)
    .ARM.Collect$$rtentry$$0000000C          0x00000152   Section        0  __rtentry2.o(.ARM.Collect$$rtentry$$0000000C)
    .ARM.Collect$$rtentry$$0000000D          0x00000152   Section        8  __rtentry2.o(.ARM.Collect$$rtentry$$0000000D)
    .ARM.Collect$$rtexit$$00000000           0x0000015a   Section        2  rtexit.o(.ARM.Collect$$rtexit$$00000000)
    .ARM.Collect$$rtexit$$00000002           0x0000015c   Section        0  rtexit2.o(.ARM.Collect$$rtexit$$00000002)
    .ARM.Collect$$rtexit$$00000003           0x0000015c   Section        4  rtexit2.o(.ARM.Collect$$rtexit$$00000003)
    .ARM.Collect$$rtexit$$00000004           0x00000160   Section        6  rtexit2.o(.ARM.Collect$$rtexit$$00000004)
    .text                                    0x00000168   Section       60  startup_lpc17xx.o(.text)
    .text                                    0x000001a4   Section        0  heapauxi.o(.text)
    .text                                    0x000001aa   Section       74  sys_stackheap_outer.o(.text)
    .text                                    0x000001f4   Section        0  exit.o(.text)
    .text                                    0x00000208   Section        8  libspace.o(.text)
    .text                                    0x00000210   Section        0  sys_exit.o(.text)
    .text                                    0x0000021c   Section        2  use_no_semi.o(.text)
    .text                                    0x0000021e   Section        0  indicate_semi.o(.text)
    i.FIO_ByteClearValue                     0x0000021e   Section        0  lpc17xx_gpio.o(i.FIO_ByteClearValue)
    i.FIO_ByteGetPointer                     0x00000240   Section        0  lpc17xx_gpio.o(i.FIO_ByteGetPointer)
    FIO_ByteGetPointer                       0x00000241   Thumb Code    52  lpc17xx_gpio.o(i.FIO_ByteGetPointer)
    i.FIO_ByteReadValue                      0x00000278   Section        0  lpc17xx_gpio.o(i.FIO_ByteReadValue)
    i.FIO_ByteSetDir                         0x00000298   Section        0  lpc17xx_gpio.o(i.FIO_ByteSetDir)
    i.FIO_ByteSetValue                       0x000002ca   Section        0  lpc17xx_gpio.o(i.FIO_ByteSetValue)
    i.ShowData_Segment                       0x000002ec   Section        0  task_refresh.o(i.ShowData_Segment)
    .constdata                               0x000002f8   Section        3  task_key.o(.constdata)
    x$fpl$usenofp                            0x000002f8   Section        0  usenofp.o(x$fpl$usenofp)
    .ARM.__at_0x02FC                         0x000002fc   Section        4  startup_lpc17xx.o(.ARM.__at_0x02FC)
    i.GPIO_ClearValue                        0x00000300   Section        0  lpc17xx_gpio.o(i.GPIO_ClearValue)
    i.GPIO_GetPointer                        0x00000314   Section        0  lpc17xx_gpio.o(i.GPIO_GetPointer)
    GPIO_GetPointer                          0x00000315   Thumb Code    52  lpc17xx_gpio.o(i.GPIO_GetPointer)
    i.GPIO_SetDir                            0x0000034c   Section        0  lpc17xx_gpio.o(i.GPIO_SetDir)
    i.GPIO_SetValue                          0x00000374   Section        0  lpc17xx_gpio.o(i.GPIO_SetValue)
    i.HW_Init                                0x00000388   Section        0  hardware.o(i.HW_Init)
    i.PINSEL_ConfigPin                       0x000003ce   Section        0  lpc17xx_pinsel.o(i.PINSEL_ConfigPin)
    i.SYSTICK_ClearCounterFlag               0x000003f2   Section        0  lpc17xx_systick.o(i.SYSTICK_ClearCounterFlag)
    i.SYSTICK_Cmd                            0x00000404   Section        0  lpc17xx_systick.o(i.SYSTICK_Cmd)
    i.SYSTICK_IntCmd                         0x0000042c   Section        0  lpc17xx_systick.o(i.SYSTICK_IntCmd)
    i.SYSTICK_InternalInit                   0x00000454   Section        0  lpc17xx_systick.o(i.SYSTICK_InternalInit)
    i.SysTick_Handler                        0x000004b4   Section        0  taskhandle_port.o(i.SysTick_Handler)
    i.SystemInit                             0x000004c0   Section        0  system_lpc17xx.o(i.SystemInit)
    i.Task_Delay_ms                          0x00000600   Section        0  taskhandle.o(i.Task_Delay_ms)
    i.Task_GetStepParam                      0x00000638   Section        0  taskhandle.o(i.Task_GetStepParam)
    i.Task_IncTick                           0x00000640   Section        0  taskhandle.o(i.Task_IncTick)
    i.Task_Key                               0x0000069c   Section        0  task_key.o(i.Task_Key)
    i.Task_Refresh                           0x000007c0   Section        0  task_refresh.o(i.Task_Refresh)
    i.Task_RegisterNew                       0x000008a0   Section        0  taskhandle.o(i.Task_RegisterNew)
    i.Task_RunCoOperativeSystem              0x000008f4   Section        0  taskhandle.o(i.Task_RunCoOperativeSystem)
    i.Task_TickInit                          0x000009a4   Section        0  taskhandle_port.o(i.Task_TickInit)
    i.kbd_delay                              0x000009ba   Section        0  kbd.o(i.kbd_delay)
    i.kbd_get                                0x000009ca   Section        0  kbd.o(i.kbd_get)
    kbd_get                                  0x000009cb   Thumb Code   294  kbd.o(i.kbd_get)
    i.kbd_init                               0x00000af0   Section        0  kbd.o(i.kbd_init)
    i.kbd_read                               0x00000b4c   Section        0  kbd.o(i.kbd_read)
    i.main                                   0x00000b68   Section        0  main.o(i.main)
    i.set_OpenDrainMode                      0x00000b8c   Section        0  lpc17xx_pinsel.o(i.set_OpenDrainMode)
    set_OpenDrainMode                        0x00000b8d   Thumb Code    42  lpc17xx_pinsel.o(i.set_OpenDrainMode)
    i.set_PinFunc                            0x00000bbc   Section        0  lpc17xx_pinsel.o(i.set_PinFunc)
    set_PinFunc                              0x00000bbd   Thumb Code    60  lpc17xx_pinsel.o(i.set_PinFunc)
    i.set_ResistorMode                       0x00000bfc   Section        0  lpc17xx_pinsel.o(i.set_ResistorMode)
    set_ResistorMode                         0x00000bfd   Thumb Code    60  lpc17xx_pinsel.o(i.set_ResistorMode)
    x$fpl$fcmpinf                            0x00000c3c   Section       24  fcmpi.o(x$fpl$fcmpinf)
    x$fpl$ffltu                              0x00000c54   Section       38  fflt_clz.o(x$fpl$ffltu)
    x$fpl$fleqf                              0x00000c7c   Section      104  fleqf.o(x$fpl$fleqf)
    x$fpl$fnaninf                            0x00000ce4   Section      140  fnaninf.o(x$fpl$fnaninf)
    x$fpl$frleqf                             0x00000d70   Section       98  frleqf.o(x$fpl$frleqf)
    .constdata                               0x00000dd2   Section       17  kbd.o(.constdata)
    .constdata                               0x00000de3   Section       10  task_refresh.o(.constdata)
    STACK                                    0x10000000   Section      512  startup_lpc17xx.o(STACK)
    Stack_Mem                                0x10000000   Data         512  startup_lpc17xx.o(STACK)
    __initial_sp                             0x10000200   Data           0  startup_lpc17xx.o(STACK)
    .data                                    0x2007c000   Section        3  taskhandle.o(.data)
    taskRegister_count                       0x2007c000   Data           1  taskhandle.o(.data)
    countRunTask                             0x2007c001   Data           1  taskhandle.o(.data)
    TickcountLoop                            0x2007c002   Data           1  taskhandle.o(.data)
    .data                                    0x2007c003   Section        3  task_refresh.o(.data)
    .data                                    0x2007c006   Section        5  task_key.o(.data)
    .data                                    0x2007c00c   Section        4  system_lpc17xx.o(.data)
    .bss                                     0x2007c010   Section       40  taskhandle.o(.bss)
    AvailableTask                            0x2007c010   Data          40  taskhandle.o(.bss)
    .bss                                     0x2007c038   Section       96  libspace.o(.bss)
    HEAP                                     0x2007c098   Section        0  startup_lpc17xx.o(HEAP)
    Heap_Mem                                 0x2007c098   Data           0  startup_lpc17xx.o(HEAP)

    Global Symbols

    Symbol Name                              Value     Ov Type        Size  Object(Section)

    BuildAttributes$$THM_ISAv4$P$D$K$B$S$PE$A:L22UL41UL21$X:L11$S22US41US21$IEEE1$IW$USESV6$~STKCKD$USESV7$~SHL$OSPACE$ROPI$EBA8$UX$STANDARDLIB$REQ8$PRES8$EABIv2 0x00000000   Number         0  anon$$obj.o ABSOLUTE
    __ARM_use_no_argv                        0x00000000   Number         0  main.o ABSOLUTE
    __Vectors                                0x00000000   Data           4  startup_lpc17xx.o(RESET)
    __ARM_exceptions_init                     - Undefined Weak Reference
    __alloca_initialize                       - Undefined Weak Reference
    __arm_preinit_                            - Undefined Weak Reference
    __cpp_initialize__aeabi_                  - Undefined Weak Reference
    __cxa_finalize                            - Undefined Weak Reference
    __rt_locale                               - Undefined Weak Reference
    __sigvec_lookup                           - Undefined Weak Reference
    _atexit_init                              - Undefined Weak Reference
    _call_atexit_fns                          - Undefined Weak Reference
    _clock_init                               - Undefined Weak Reference
    _fp_trap_init                             - Undefined Weak Reference
    _fp_trap_shutdown                         - Undefined Weak Reference
    _get_lc_collate                           - Undefined Weak Reference
    _get_lc_ctype                             - Undefined Weak Reference
    _get_lc_monetary                          - Undefined Weak Reference
    _get_lc_numeric                           - Undefined Weak Reference
    _get_lc_time                              - Undefined Weak Reference
    _getenv_init                              - Undefined Weak Reference
    _handle_redirection                       - Undefined Weak Reference
    _init_alloc                               - Undefined Weak Reference
    _init_user_alloc                          - Undefined Weak Reference
    _initio                                   - Undefined Weak Reference
    _rand_init                                - Undefined Weak Reference
    _signal_finish                            - Undefined Weak Reference
    _signal_init                              - Undefined Weak Reference
    _terminate_alloc                          - Undefined Weak Reference
    _terminate_user_alloc                     - Undefined Weak Reference
    _terminateio                              - Undefined Weak Reference
    __main                                   0x000000cd   Thumb Code     8  __main.o(!!!main)
    __scatterload                            0x000000d5   Thumb Code     0  __scatter.o(!!!scatter)
    __scatterload_rt2                        0x000000d5   Thumb Code    44  __scatter.o(!!!scatter)
    __scatterload_rt2_thumb_only             0x000000d5   Thumb Code     0  __scatter.o(!!!scatter)
    __scatterload_null                       0x000000e3   Thumb Code     0  __scatter.o(!!!scatter)
    __scatterload_copy                       0x00000109   Thumb Code    26  __scatter_copy.o(!!handler_copy)
    __scatterload_zeroinit                   0x00000125   Thumb Code    28  __scatter_zi.o(!!handler_zi)
    __rt_lib_init                            0x00000141   Thumb Code     0  libinit.o(.ARM.Collect$$libinit$$00000000)
    __rt_lib_init_alloca_1                   0x00000143   Thumb Code     0  libinit2.o(.ARM.Collect$$libinit$$0000002E)
    __rt_lib_init_argv_1                     0x00000143   Thumb Code     0  libinit2.o(.ARM.Collect$$libinit$$0000002C)
    __rt_lib_init_atexit_1                   0x00000143   Thumb Code     0  libinit2.o(.ARM.Collect$$libinit$$0000001B)
    __rt_lib_init_clock_1                    0x00000143   Thumb Code     0  libinit2.o(.ARM.Collect$$libinit$$00000021)
    __rt_lib_init_cpp_1                      0x00000143   Thumb Code     0  libinit2.o(.ARM.Collect$$libinit$$00000032)
    __rt_lib_init_exceptions_1               0x00000143   Thumb Code     0  libinit2.o(.ARM.Collect$$libinit$$00000030)
    __rt_lib_init_fp_1                       0x00000143   Thumb Code     0  libinit2.o(.ARM.Collect$$libinit$$00000002)
    __rt_lib_init_fp_trap_1                  0x00000143   Thumb Code     0  libinit2.o(.ARM.Collect$$libinit$$0000001F)
    __rt_lib_init_getenv_1                   0x00000143   Thumb Code     0  libinit2.o(.ARM.Collect$$libinit$$00000023)
    __rt_lib_init_heap_1                     0x00000143   Thumb Code     0  libinit2.o(.ARM.Collect$$libinit$$0000000A)
    __rt_lib_init_lc_collate_1               0x00000143   Thumb Code     0  libinit2.o(.ARM.Collect$$libinit$$00000011)
    __rt_lib_init_lc_ctype_1                 0x00000143   Thumb Code     0  libinit2.o(.ARM.Collect$$libinit$$00000013)
    __rt_lib_init_lc_monetary_1              0x00000143   Thumb Code     0  libinit2.o(.ARM.Collect$$libinit$$00000015)
    __rt_lib_init_lc_numeric_1               0x00000143   Thumb Code     0  libinit2.o(.ARM.Collect$$libinit$$00000017)
    __rt_lib_init_lc_time_1                  0x00000143   Thumb Code     0  libinit2.o(.ARM.Collect$$libinit$$00000019)
    __rt_lib_init_preinit_1                  0x00000143   Thumb Code     0  libinit2.o(.ARM.Collect$$libinit$$00000004)
    __rt_lib_init_rand_1                     0x00000143   Thumb Code     0  libinit2.o(.ARM.Collect$$libinit$$0000000E)
    __rt_lib_init_return                     0x00000143   Thumb Code     0  libinit2.o(.ARM.Collect$$libinit$$00000033)
    __rt_lib_init_signal_1                   0x00000143   Thumb Code     0  libinit2.o(.ARM.Collect$$libinit$$0000001D)
    __rt_lib_init_stdio_1                    0x00000143   Thumb Code     0  libinit2.o(.ARM.Collect$$libinit$$00000025)
    __rt_lib_init_user_alloc_1               0x00000143   Thumb Code     0  libinit2.o(.ARM.Collect$$libinit$$0000000C)
    __rt_lib_shutdown                        0x00000145   Thumb Code     0  libshutdown.o(.ARM.Collect$$libshutdown$$00000000)
    __rt_lib_shutdown_cpp_1                  0x00000147   Thumb Code     0  libshutdown2.o(.ARM.Collect$$libshutdown$$00000002)
    __rt_lib_shutdown_fp_trap_1              0x00000147   Thumb Code     0  libshutdown2.o(.ARM.Collect$$libshutdown$$00000007)
    __rt_lib_shutdown_heap_1                 0x00000147   Thumb Code     0  libshutdown2.o(.ARM.Collect$$libshutdown$$0000000F)
    __rt_lib_shutdown_return                 0x00000147   Thumb Code     0  libshutdown2.o(.ARM.Collect$$libshutdown$$00000010)
    __rt_lib_shutdown_signal_1               0x00000147   Thumb Code     0  libshutdown2.o(.ARM.Collect$$libshutdown$$0000000A)
    __rt_lib_shutdown_stdio_1                0x00000147   Thumb Code     0  libshutdown2.o(.ARM.Collect$$libshutdown$$00000004)
    __rt_lib_shutdown_user_alloc_1           0x00000147   Thumb Code     0  libshutdown2.o(.ARM.Collect$$libshutdown$$0000000C)
    __rt_entry                               0x00000149   Thumb Code     0  __rtentry.o(.ARM.Collect$$rtentry$$00000000)
    __rt_entry_presh_1                       0x00000149   Thumb Code     0  __rtentry2.o(.ARM.Collect$$rtentry$$00000002)
    __rt_entry_sh                            0x00000149   Thumb Code     0  __rtentry4.o(.ARM.Collect$$rtentry$$00000004)
    __rt_entry_li                            0x0000014f   Thumb Code     0  __rtentry2.o(.ARM.Collect$$rtentry$$0000000A)
    __rt_entry_postsh_1                      0x0000014f   Thumb Code     0  __rtentry2.o(.ARM.Collect$$rtentry$$00000009)
    __rt_entry_main                          0x00000153   Thumb Code     0  __rtentry2.o(.ARM.Collect$$rtentry$$0000000D)
    __rt_entry_postli_1                      0x00000153   Thumb Code     0  __rtentry2.o(.ARM.Collect$$rtentry$$0000000C)
    __rt_exit                                0x0000015b   Thumb Code     0  rtexit.o(.ARM.Collect$$rtexit$$00000000)
    __rt_exit_ls                             0x0000015d   Thumb Code     0  rtexit2.o(.ARM.Collect$$rtexit$$00000003)
    __rt_exit_prels_1                        0x0000015d   Thumb Code     0  rtexit2.o(.ARM.Collect$$rtexit$$00000002)
    __rt_exit_exit                           0x00000161   Thumb Code     0  rtexit2.o(.ARM.Collect$$rtexit$$00000004)
    Reset_Handler                            0x00000169   Thumb Code     8  startup_lpc17xx.o(.text)
    NMI_Handler                              0x00000171   Thumb Code     2  startup_lpc17xx.o(.text)
    HardFault_Handler                        0x00000173   Thumb Code     2  startup_lpc17xx.o(.text)
    MemManage_Handler                        0x00000175   Thumb Code     2  startup_lpc17xx.o(.text)
    BusFault_Handler                         0x00000177   Thumb Code     2  startup_lpc17xx.o(.text)
    UsageFault_Handler                       0x00000179   Thumb Code     2  startup_lpc17xx.o(.text)
    SVC_Handler                              0x0000017b   Thumb Code     2  startup_lpc17xx.o(.text)
    DebugMon_Handler                         0x0000017d   Thumb Code     2  startup_lpc17xx.o(.text)
    PendSV_Handler                           0x0000017f   Thumb Code     2  startup_lpc17xx.o(.text)
    ADC_IRQHandler                           0x00000183   Thumb Code     0  startup_lpc17xx.o(.text)
    BOD_IRQHandler                           0x00000183   Thumb Code     0  startup_lpc17xx.o(.text)
    CANActivity_IRQHandler                   0x00000183   Thumb Code     0  startup_lpc17xx.o(.text)
    CAN_IRQHandler                           0x00000183   Thumb Code     0  startup_lpc17xx.o(.text)
    DMA_IRQHandler                           0x00000183   Thumb Code     0  startup_lpc17xx.o(.text)
    EINT0_IRQHandler                         0x00000183   Thumb Code     0  startup_lpc17xx.o(.text)
    EINT1_IRQHandler                         0x00000183   Thumb Code     0  startup_lpc17xx.o(.text)
    EINT2_IRQHandler                         0x00000183   Thumb Code     0  startup_lpc17xx.o(.text)
    EINT3_IRQHandler                         0x00000183   Thumb Code     0  startup_lpc17xx.o(.text)
    ENET_IRQHandler                          0x00000183   Thumb Code     0  startup_lpc17xx.o(.text)
    I2C0_IRQHandler                          0x00000183   Thumb Code     0  startup_lpc17xx.o(.text)
    I2C1_IRQHandler                          0x00000183   Thumb Code     0  startup_lpc17xx.o(.text)
    I2C2_IRQHandler                          0x00000183   Thumb Code     0  startup_lpc17xx.o(.text)
    I2S_IRQHandler                           0x00000183   Thumb Code     0  startup_lpc17xx.o(.text)
    MCPWM_IRQHandler                         0x00000183   Thumb Code     0  startup_lpc17xx.o(.text)
    PLL0_IRQHandler                          0x00000183   Thumb Code     0  startup_lpc17xx.o(.text)
    PLL1_IRQHandler                          0x00000183   Thumb Code     0  startup_lpc17xx.o(.text)
    PWM1_IRQHandler                          0x00000183   Thumb Code     0  startup_lpc17xx.o(.text)
    QEI_IRQHandler                           0x00000183   Thumb Code     0  startup_lpc17xx.o(.text)
    RIT_IRQHandler                           0x00000183   Thumb Code     0  startup_lpc17xx.o(.text)
    RTC_IRQHandler                           0x00000183   Thumb Code     0  startup_lpc17xx.o(.text)
    SPI_IRQHandler                           0x00000183   Thumb Code     0  startup_lpc17xx.o(.text)
    SSP0_IRQHandler                          0x00000183   Thumb Code     0  startup_lpc17xx.o(.text)
    SSP1_IRQHandler                          0x00000183   Thumb Code     0  startup_lpc17xx.o(.text)
    TIMER0_IRQHandler                        0x00000183   Thumb Code     0  startup_lpc17xx.o(.text)
    TIMER1_IRQHandler                        0x00000183   Thumb Code     0  startup_lpc17xx.o(.text)
    TIMER2_IRQHandler                        0x00000183   Thumb Code     0  startup_lpc17xx.o(.text)
    TIMER3_IRQHandler                        0x00000183   Thumb Code     0  startup_lpc17xx.o(.text)
    UART0_IRQHandler                         0x00000183   Thumb Code     0  startup_lpc17xx.o(.text)
    UART1_IRQHandler                         0x00000183   Thumb Code     0  startup_lpc17xx.o(.text)
    UART2_IRQHandler                         0x00000183   Thumb Code     0  startup_lpc17xx.o(.text)
    UART3_IRQHandler                         0x00000183   Thumb Code     0  startup_lpc17xx.o(.text)
    USBActivity_IRQHandler                   0x00000183   Thumb Code     0  startup_lpc17xx.o(.text)
    USB_IRQHandler                           0x00000183   Thumb Code     0  startup_lpc17xx.o(.text)
    WDT_IRQHandler                           0x00000183   Thumb Code     0  startup_lpc17xx.o(.text)
    __user_initial_stackheap                 0x00000185   Thumb Code     0  startup_lpc17xx.o(.text)
    __use_two_region_memory                  0x000001a5   Thumb Code     2  heapauxi.o(.text)
    __rt_heap_escrow$2region                 0x000001a7   Thumb Code     2  heapauxi.o(.text)
    __rt_heap_expand$2region                 0x000001a9   Thumb Code     2  heapauxi.o(.text)
    __user_setup_stackheap                   0x000001ab   Thumb Code    74  sys_stackheap_outer.o(.text)
    exit                                     0x000001f5   Thumb Code    18  exit.o(.text)
    __user_libspace                          0x00000209   Thumb Code     8  libspace.o(.text)
    __user_perproc_libspace                  0x00000209   Thumb Code     0  libspace.o(.text)
    __user_perthread_libspace                0x00000209   Thumb Code     0  libspace.o(.text)
    _sys_exit                                0x00000211   Thumb Code     8  sys_exit.o(.text)
    __I$use$semihosting                      0x0000021d   Thumb Code     0  use_no_semi.o(.text)
    __use_no_semihosting_swi                 0x0000021d   Thumb Code     2  use_no_semi.o(.text)
    FIO_ByteClearValue                       0x0000021f   Thumb Code    34  lpc17xx_gpio.o(i.FIO_ByteClearValue)
    __semihosting_library_function           0x0000021f   Thumb Code     0  indicate_semi.o(.text)
    FIO_ByteReadValue                        0x00000279   Thumb Code    32  lpc17xx_gpio.o(i.FIO_ByteReadValue)
    FIO_ByteSetDir                           0x00000299   Thumb Code    50  lpc17xx_gpio.o(i.FIO_ByteSetDir)
    FIO_ByteSetValue                         0x000002cb   Thumb Code    34  lpc17xx_gpio.o(i.FIO_ByteSetValue)
    ShowData_Segment                         0x000002ed   Thumb Code     6  task_refresh.o(i.ShowData_Segment)
    MainPass                                 0x000002f8   Data           3  task_key.o(.constdata)
    __I$use$fp                               0x000002f8   Number         0  usenofp.o(x$fpl$usenofp)
    GPIO_ClearValue                          0x00000301   Thumb Code    20  lpc17xx_gpio.o(i.GPIO_ClearValue)
    GPIO_SetDir                              0x0000034d   Thumb Code    40  lpc17xx_gpio.o(i.GPIO_SetDir)
    GPIO_SetValue                            0x00000375   Thumb Code    20  lpc17xx_gpio.o(i.GPIO_SetValue)
    HW_Init                                  0x00000389   Thumb Code    70  hardware.o(i.HW_Init)
    PINSEL_ConfigPin                         0x000003cf   Thumb Code    36  lpc17xx_pinsel.o(i.PINSEL_ConfigPin)
    SYSTICK_ClearCounterFlag                 0x000003f3   Thumb Code    18  lpc17xx_systick.o(i.SYSTICK_ClearCounterFlag)
    SYSTICK_Cmd                              0x00000405   Thumb Code    40  lpc17xx_systick.o(i.SYSTICK_Cmd)
    SYSTICK_IntCmd                           0x0000042d   Thumb Code    40  lpc17xx_systick.o(i.SYSTICK_IntCmd)
    SYSTICK_InternalInit                     0x00000455   Thumb Code    90  lpc17xx_systick.o(i.SYSTICK_InternalInit)
    SysTick_Handler                          0x000004b5   Thumb Code    12  taskhandle_port.o(i.SysTick_Handler)
    SystemInit                               0x000004c1   Thumb Code   302  system_lpc17xx.o(i.SystemInit)
    Task_Delay_ms                            0x00000601   Thumb Code    48  taskhandle.o(i.Task_Delay_ms)
    Task_GetStepParam                        0x00000639   Thumb Code     6  taskhandle.o(i.Task_GetStepParam)
    Task_IncTick                             0x00000641   Thumb Code    80  taskhandle.o(i.Task_IncTick)
    Task_Key                                 0x0000069d   Thumb Code   274  task_key.o(i.Task_Key)
    Task_Refresh                             0x000007c1   Thumb Code   214  task_refresh.o(i.Task_Refresh)
    Task_RegisterNew                         0x000008a1   Thumb Code    76  taskhandle.o(i.Task_RegisterNew)
    Task_RunCoOperativeSystem                0x000008f5   Thumb Code   162  taskhandle.o(i.Task_RunCoOperativeSystem)
    Task_TickInit                            0x000009a5   Thumb Code    22  taskhandle_port.o(i.Task_TickInit)
    kbd_delay                                0x000009bb   Thumb Code    16  kbd.o(i.kbd_delay)
    kbd_init                                 0x00000af1   Thumb Code    90  kbd.o(i.kbd_init)
    kbd_read                                 0x00000b4d   Thumb Code    24  kbd.o(i.kbd_read)
    main                                     0x00000b69   Thumb Code    26  main.o(i.main)
    __fpl_fcmp_Inf                           0x00000c3d   Thumb Code    24  fcmpi.o(x$fpl$fcmpinf)
    __aeabi_ui2f                             0x00000c55   Thumb Code     0  fflt_clz.o(x$fpl$ffltu)
    _ffltu                                   0x00000c55   Thumb Code    38  fflt_clz.o(x$fpl$ffltu)
    __aeabi_cfcmple                          0x00000c7d   Thumb Code     0  fleqf.o(x$fpl$fleqf)
    _fcmple                                  0x00000c7d   Thumb Code   104  fleqf.o(x$fpl$fleqf)
    __fpl_fcmple_InfNaN                      0x00000ccf   Thumb Code     0  fleqf.o(x$fpl$fleqf)
    __fpl_fnaninf                            0x00000ce5   Thumb Code   140  fnaninf.o(x$fpl$fnaninf)
    __aeabi_cfrcmple                         0x00000d71   Thumb Code     0  frleqf.o(x$fpl$frleqf)
    _frcmple                                 0x00000d71   Thumb Code    98  frleqf.o(x$fpl$frleqf)
    KBD_TableAdapt                           0x00000dd2   Data          17  kbd.o(.constdata)
    segmentTable                             0x00000de3   Data          10  task_refresh.o(.constdata)
    Region$$Table$$Base                      0x00000df0   Number         0  anon$$obj.o(Region$$Table)
    Region$$Table$$Limit                     0x00000e20   Number         0  anon$$obj.o(Region$$Table)
    SegData                                  0x2007c003   Data           3  task_refresh.o(.data)
    keyCur                                   0x2007c006   Data           1  task_key.o(.data)
    passEnter                                0x2007c007   Data           3  task_key.o(.data)
    key                                      0x2007c00a   Data           1  task_key.o(.data)
    SystemCoreClock                          0x2007c00c   Data           4  system_lpc17xx.o(.data)
    __libspace_start                         0x2007c038   Data          96  libspace.o(.bss)
    __temporary_stack_top$libspace           0x2007c098   Data           0  libspace.o(.bss)



==============================================================================

Memory Map of the image

  Image Entry point : 0x000000cd

  Load Region LR_IROM1 (Base: 0x00000000, Size: 0x00000e30, Max: 0x00080000, ABSOLUTE)

    Execution Region ER_IROM1 (Exec base: 0x00000000, Load base: 0x00000000, Size: 0x00000e20, Max: 0x00080000, ABSOLUTE)

    Exec Addr    Load Addr    Size         Type   Attr      Idx    E Section Name        Object

    0x00000000   0x00000000   0x000000cc   Data   RO         1082    RESET               startup_lpc17xx.o
    0x000000cc   0x000000cc   0x00000008   Code   RO         1132  * !!!main             c_w.l(__main.o)
    0x000000d4   0x000000d4   0x00000034   Code   RO         1314    !!!scatter          c_w.l(__scatter.o)
    0x00000108   0x00000108   0x0000001a   Code   RO         1316    !!handler_copy      c_w.l(__scatter_copy.o)
    0x00000122   0x00000122   0x00000002   PAD
    0x00000124   0x00000124   0x0000001c   Code   RO         1318    !!handler_zi        c_w.l(__scatter_zi.o)
    0x00000140   0x00000140   0x00000002   Code   RO         1184    .ARM.Collect$$libinit$$00000000  c_w.l(libinit.o)
    0x00000142   0x00000142   0x00000000   Code   RO         1197    .ARM.Collect$$libinit$$00000002  c_w.l(libinit2.o)
    0x00000142   0x00000142   0x00000000   Code   RO         1199    .ARM.Collect$$libinit$$00000004  c_w.l(libinit2.o)
    0x00000142   0x00000142   0x00000000   Code   RO         1202    .ARM.Collect$$libinit$$0000000A  c_w.l(libinit2.o)
    0x00000142   0x00000142   0x00000000   Code   RO         1204    .ARM.Collect$$libinit$$0000000C  c_w.l(libinit2.o)
    0x00000142   0x00000142   0x00000000   Code   RO         1206    .ARM.Collect$$libinit$$0000000E  c_w.l(libinit2.o)
    0x00000142   0x00000142   0x00000000   Code   RO         1209    .ARM.Collect$$libinit$$00000011  c_w.l(libinit2.o)
    0x00000142   0x00000142   0x00000000   Code   RO         1211    .ARM.Collect$$libinit$$00000013  c_w.l(libinit2.o)
    0x00000142   0x00000142   0x00000000   Code   RO         1213    .ARM.Collect$$libinit$$00000015  c_w.l(libinit2.o)
    0x00000142   0x00000142   0x00000000   Code   RO         1215    .ARM.Collect$$libinit$$00000017  c_w.l(libinit2.o)
    0x00000142   0x00000142   0x00000000   Code   RO         1217    .ARM.Collect$$libinit$$00000019  c_w.l(libinit2.o)
    0x00000142   0x00000142   0x00000000   Code   RO         1219    .ARM.Collect$$libinit$$0000001B  c_w.l(libinit2.o)
    0x00000142   0x00000142   0x00000000   Code   RO         1221    .ARM.Collect$$libinit$$0000001D  c_w.l(libinit2.o)
    0x00000142   0x00000142   0x00000000   Code   RO         1223    .ARM.Collect$$libinit$$0000001F  c_w.l(libinit2.o)
    0x00000142   0x00000142   0x00000000   Code   RO         1225    .ARM.Collect$$libinit$$00000021  c_w.l(libinit2.o)
    0x00000142   0x00000142   0x00000000   Code   RO         1227    .ARM.Collect$$libinit$$00000023  c_w.l(libinit2.o)
    0x00000142   0x00000142   0x00000000   Code   RO         1229    .ARM.Collect$$libinit$$00000025  c_w.l(libinit2.o)
    0x00000142   0x00000142   0x00000000   Code   RO         1233    .ARM.Collect$$libinit$$0000002C  c_w.l(libinit2.o)
    0x00000142   0x00000142   0x00000000   Code   RO         1235    .ARM.Collect$$libinit$$0000002E  c_w.l(libinit2.o)
    0x00000142   0x00000142   0x00000000   Code   RO         1237    .ARM.Collect$$libinit$$00000030  c_w.l(libinit2.o)
    0x00000142   0x00000142   0x00000000   Code   RO         1239    .ARM.Collect$$libinit$$00000032  c_w.l(libinit2.o)
    0x00000142   0x00000142   0x00000002   Code   RO         1240    .ARM.Collect$$libinit$$00000033  c_w.l(libinit2.o)
    0x00000144   0x00000144   0x00000002   Code   RO         1271    .ARM.Collect$$libshutdown$$00000000  c_w.l(libshutdown.o)
    0x00000146   0x00000146   0x00000000   Code   RO         1297    .ARM.Collect$$libshutdown$$00000002  c_w.l(libshutdown2.o)
    0x00000146   0x00000146   0x00000000   Code   RO         1299    .ARM.Collect$$libshutdown$$00000004  c_w.l(libshutdown2.o)
    0x00000146   0x00000146   0x00000000   Code   RO         1302    .ARM.Collect$$libshutdown$$00000007  c_w.l(libshutdown2.o)
    0x00000146   0x00000146   0x00000000   Code   RO         1305    .ARM.Collect$$libshutdown$$0000000A  c_w.l(libshutdown2.o)
    0x00000146   0x00000146   0x00000000   Code   RO         1307    .ARM.Collect$$libshutdown$$0000000C  c_w.l(libshutdown2.o)
    0x00000146   0x00000146   0x00000000   Code   RO         1310    .ARM.Collect$$libshutdown$$0000000F  c_w.l(libshutdown2.o)
    0x00000146   0x00000146   0x00000002   Code   RO         1311    .ARM.Collect$$libshutdown$$00000010  c_w.l(libshutdown2.o)
    0x00000148   0x00000148   0x00000000   Code   RO         1142    .ARM.Collect$$rtentry$$00000000  c_w.l(__rtentry.o)
    0x00000148   0x00000148   0x00000000   Code   RO         1151    .ARM.Collect$$rtentry$$00000002  c_w.l(__rtentry2.o)
    0x00000148   0x00000148   0x00000006   Code   RO         1163    .ARM.Collect$$rtentry$$00000004  c_w.l(__rtentry4.o)
    0x0000014e   0x0000014e   0x00000000   Code   RO         1153    .ARM.Collect$$rtentry$$00000009  c_w.l(__rtentry2.o)
    0x0000014e   0x0000014e   0x00000004   Code   RO         1154    .ARM.Collect$$rtentry$$0000000A  c_w.l(__rtentry2.o)
    0x00000152   0x00000152   0x00000000   Code   RO         1156    .ARM.Collect$$rtentry$$0000000C  c_w.l(__rtentry2.o)
    0x00000152   0x00000152   0x00000008   Code   RO         1157    .ARM.Collect$$rtentry$$0000000D  c_w.l(__rtentry2.o)
    0x0000015a   0x0000015a   0x00000002   Code   RO         1188    .ARM.Collect$$rtexit$$00000000  c_w.l(rtexit.o)
    0x0000015c   0x0000015c   0x00000000   Code   RO         1244    .ARM.Collect$$rtexit$$00000002  c_w.l(rtexit2.o)
    0x0000015c   0x0000015c   0x00000004   Code   RO         1245    .ARM.Collect$$rtexit$$00000003  c_w.l(rtexit2.o)
    0x00000160   0x00000160   0x00000006   Code   RO         1246    .ARM.Collect$$rtexit$$00000004  c_w.l(rtexit2.o)
    0x00000166   0x00000166   0x00000002   PAD
    0x00000168   0x00000168   0x0000003c   Code   RO         1084    .text               startup_lpc17xx.o
    0x000001a4   0x000001a4   0x00000006   Code   RO         1130    .text               c_w.l(heapauxi.o)
    0x000001aa   0x000001aa   0x0000004a   Code   RO         1171    .text               c_w.l(sys_stackheap_outer.o)
    0x000001f4   0x000001f4   0x00000012   Code   RO         1173    .text               c_w.l(exit.o)
    0x00000206   0x00000206   0x00000002   PAD
    0x00000208   0x00000208   0x00000008   Code   RO         1185    .text               c_w.l(libspace.o)
    0x00000210   0x00000210   0x0000000c   Code   RO         1241    .text               c_w.l(sys_exit.o)
    0x0000021c   0x0000021c   0x00000002   Code   RO         1260    .text               c_w.l(use_no_semi.o)
    0x0000021e   0x0000021e   0x00000000   Code   RO         1262    .text               c_w.l(indicate_semi.o)
    0x0000021e   0x0000021e   0x00000022   Code   RO          361    i.FIO_ByteClearValue  lpc17xx_gpio.o
    0x00000240   0x00000240   0x00000038   Code   RO          362    i.FIO_ByteGetPointer  lpc17xx_gpio.o
    0x00000278   0x00000278   0x00000020   Code   RO          363    i.FIO_ByteReadValue  lpc17xx_gpio.o
    0x00000298   0x00000298   0x00000032   Code   RO          364    i.FIO_ByteSetDir    lpc17xx_gpio.o
    0x000002ca   0x000002ca   0x00000022   Code   RO          366    i.FIO_ByteSetValue  lpc17xx_gpio.o
    0x000002ec   0x000002ec   0x0000000c   Code   RO          227    i.ShowData_Segment  task_refresh.o
    0x000002f8   0x000002f8   0x00000000   Code   RO         1149    x$fpl$usenofp       fz_ws.l(usenofp.o)
    0x000002f8   0x000002f8   0x00000003   Data   RO          262    .constdata          task_key.o
    0x000002fb   0x000002fb   0x00000001   PAD
    0x000002fc   0x000002fc   0x00000004   Code   RO         1083    .ARM.__at_0x02FC    startup_lpc17xx.o
    0x00000300   0x00000300   0x00000014   Code   RO          382    i.GPIO_ClearValue   lpc17xx_gpio.o
    0x00000314   0x00000314   0x00000038   Code   RO          384    i.GPIO_GetPointer   lpc17xx_gpio.o
    0x0000034c   0x0000034c   0x00000028   Code   RO          387    i.GPIO_SetDir       lpc17xx_gpio.o
    0x00000374   0x00000374   0x00000014   Code   RO          388    i.GPIO_SetValue     lpc17xx_gpio.o
    0x00000388   0x00000388   0x00000046   Code   RO            4    i.HW_Init           hardware.o
    0x000003ce   0x000003ce   0x00000024   Code   RO          586    i.PINSEL_ConfigPin  lpc17xx_pinsel.o
    0x000003f2   0x000003f2   0x00000012   Code   RO          694    i.SYSTICK_ClearCounterFlag  lpc17xx_systick.o
    0x00000404   0x00000404   0x00000028   Code   RO          695    i.SYSTICK_Cmd       lpc17xx_systick.o
    0x0000042c   0x0000042c   0x00000028   Code   RO          698    i.SYSTICK_IntCmd    lpc17xx_systick.o
    0x00000454   0x00000454   0x00000060   Code   RO          699    i.SYSTICK_InternalInit  lpc17xx_systick.o
    0x000004b4   0x000004b4   0x0000000c   Code   RO          147    i.SysTick_Handler   taskhandle_port.o
    0x000004c0   0x000004c0   0x00000140   Code   RO         1094    i.SystemInit        system_lpc17xx.o
    0x00000600   0x00000600   0x00000038   Code   RO           93    i.Task_Delay_ms     taskhandle.o
    0x00000638   0x00000638   0x00000006   Code   RO           94    i.Task_GetStepParam  taskhandle.o
    0x0000063e   0x0000063e   0x00000002   PAD
    0x00000640   0x00000640   0x0000005c   Code   RO           95    i.Task_IncTick      taskhandle.o
    0x0000069c   0x0000069c   0x00000124   Code   RO          261    i.Task_Key          task_key.o
    0x000007c0   0x000007c0   0x000000e0   Code   RO          228    i.Task_Refresh      task_refresh.o
    0x000008a0   0x000008a0   0x00000054   Code   RO           96    i.Task_RegisterNew  taskhandle.o
    0x000008f4   0x000008f4   0x000000b0   Code   RO           97    i.Task_RunCoOperativeSystem  taskhandle.o
    0x000009a4   0x000009a4   0x00000016   Code   RO          148    i.Task_TickInit     taskhandle_port.o
    0x000009ba   0x000009ba   0x00000010   Code   RO          180    i.kbd_delay         kbd.o
    0x000009ca   0x000009ca   0x00000126   Code   RO          181    i.kbd_get           kbd.o
    0x00000af0   0x00000af0   0x0000005a   Code   RO          182    i.kbd_init          kbd.o
    0x00000b4a   0x00000b4a   0x00000002   PAD
    0x00000b4c   0x00000b4c   0x0000001c   Code   RO          183    i.kbd_read          kbd.o
    0x00000b68   0x00000b68   0x00000024   Code   RO           69    i.main              main.o
    0x00000b8c   0x00000b8c   0x00000030   Code   RO          589    i.set_OpenDrainMode  lpc17xx_pinsel.o
    0x00000bbc   0x00000bbc   0x00000040   Code   RO          590    i.set_PinFunc       lpc17xx_pinsel.o
    0x00000bfc   0x00000bfc   0x00000040   Code   RO          591    i.set_ResistorMode  lpc17xx_pinsel.o
    0x00000c3c   0x00000c3c   0x00000018   Code   RO         1167    x$fpl$fcmpinf       fz_ws.l(fcmpi.o)
    0x00000c54   0x00000c54   0x00000026   Code   RO         1134    x$fpl$ffltu         fz_ws.l(fflt_clz.o)
    0x00000c7a   0x00000c7a   0x00000002   PAD
    0x00000c7c   0x00000c7c   0x00000068   Code   RO         1147    x$fpl$fleqf         fz_ws.l(fleqf.o)
    0x00000ce4   0x00000ce4   0x0000008c   Code   RO         1169    x$fpl$fnaninf       fz_ws.l(fnaninf.o)
    0x00000d70   0x00000d70   0x00000062   Code   RO         1140    x$fpl$frleqf        fz_ws.l(frleqf.o)
    0x00000dd2   0x00000dd2   0x00000011   Data   RO          184    .constdata          kbd.o
    0x00000de3   0x00000de3   0x0000000a   Data   RO          229    .constdata          task_refresh.o
    0x00000ded   0x00000ded   0x00000003   PAD
    0x00000df0   0x00000df0   0x00000030   Data   RO         1312    Region$$Table       anon$$obj.o


    Execution Region RW_IRAM1 (Exec base: 0x10000000, Load base: 0x00000e20, Size: 0x00000200, Max: 0x00008000, ABSOLUTE)

    Exec Addr    Load Addr    Size         Type   Attr      Idx    E Section Name        Object

    0x10000000        -       0x00000200   Zero   RW         1080    STACK               startup_lpc17xx.o


    Execution Region RW_IRAM2 (Exec base: 0x2007c000, Load base: 0x00000e20, Size: 0x00000098, Max: 0x00008000, ABSOLUTE)

    Exec Addr    Load Addr    Size         Type   Attr      Idx    E Section Name        Object

    0x2007c000   0x00000e20   0x00000003   Data   RW          100    .data               taskhandle.o
    0x2007c003   0x00000e23   0x00000003   Data   RW          230    .data               task_refresh.o
    0x2007c006   0x00000e26   0x00000005   Data   RW          263    .data               task_key.o
    0x2007c00b   0x00000e2b   0x00000001   PAD
    0x2007c00c   0x00000e2c   0x00000004   Data   RW         1095    .data               system_lpc17xx.o
    0x2007c010        -       0x00000028   Zero   RW           99    .bss                taskhandle.o
    0x2007c038        -       0x00000060   Zero   RW         1186    .bss                c_w.l(libspace.o)
    0x2007c098        -       0x00000000   Zero   RW         1081    HEAP                startup_lpc17xx.o


==============================================================================

Image component sizes


      Code (inc. data)   RO Data    RW Data    ZI Data      Debug   Object Name

        70          0          0          0          0      26078   hardware.o
       428          4         17          0          0       2667   kbd.o
       342         20          0          0          0       6169   lpc17xx_gpio.o
       212         14          0          0          0       2915   lpc17xx_pinsel.o
       194          6          0          0          0       2041   lpc17xx_systick.o
        36         10          0          0          0       1039   main.o
        64         26        204          0        512       1012   startup_lpc17xx.o
       320         18          0          4          0        819   system_lpc17xx.o
       292         24          3          5          0       1631   task_key.o
       236         16         10          3          0       1849   task_refresh.o
       414         42          0          3         40       3238   taskhandle.o
        34          0          0          0          0        902   taskhandle_port.o

    ----------------------------------------------------------------------
      2646        180        286         16        552      50360   Object Totals
         0          0         48          0          0          0   (incl. Generated)
         4          0          4          1          0          0   (incl. Padding)

    ----------------------------------------------------------------------

      Code (inc. data)   RO Data    RW Data    ZI Data      Debug   Library Member Name

         8          0          0          0          0         68   __main.o
         0          0          0          0          0          0   __rtentry.o
        12          0          0          0          0          0   __rtentry2.o
         6          0          0          0          0          0   __rtentry4.o
        52          8          0          0          0          0   __scatter.o
        26          0          0          0          0          0   __scatter_copy.o
        28          0          0          0          0          0   __scatter_zi.o
        18          0          0          0          0         80   exit.o
         6          0          0          0          0        152   heapauxi.o
         0          0          0          0          0          0   indicate_semi.o
         2          0          0          0          0          0   libinit.o
         2          0          0          0          0          0   libinit2.o
         2          0          0          0          0          0   libshutdown.o
         2          0          0          0          0          0   libshutdown2.o
         8          4          0          0         96         68   libspace.o
         2          0          0          0          0          0   rtexit.o
        10          0          0          0          0          0   rtexit2.o
        12          4          0          0          0         68   sys_exit.o
        74          0          0          0          0         80   sys_stackheap_outer.o
         2          0          0          0          0         68   use_no_semi.o
        24          0          0          0          0         68   fcmpi.o
        38          0          0          0          0         68   fflt_clz.o
       104          4          0          0          0         84   fleqf.o
       140          4          0          0          0         84   fnaninf.o
        98          0          0          0          0         68   frleqf.o
         0          0          0          0          0          0   usenofp.o

    ----------------------------------------------------------------------
       684         24          0          0         96        956   Library Totals
         8          0          0          0          0          0   (incl. Padding)

    ----------------------------------------------------------------------

      Code (inc. data)   RO Data    RW Data    ZI Data      Debug   Library Name

       272         16          0          0         96        584   c_w.l
       404          8          0          0          0        372   fz_ws.l

    ----------------------------------------------------------------------
       684         24          0          0         96        956   Library Totals

    ----------------------------------------------------------------------

==============================================================================


      Code (inc. data)   RO Data    RW Data    ZI Data      Debug   

      3330        204        286         16        648      49284   Grand Totals
      3330        204        286         16        648      49284   ELF Image Totals
      3330        204        286         16          0          0   ROM Totals

==============================================================================

    Total RO  Size (Code + RO Data)                 3616 (   3.53kB)
    Total RW  Size (RW Data + ZI Data)               664 (   0.65kB)
    Total ROM Size (Code + RO Data + RW Data)       3632 (   3.55kB)

==============================================================================

