Component: ARM Compiler 5.06 update 6 (build 750) Tool: armlink [4d35ed]

==============================================================================

Section Cross References

    main.o(i.ADC_IRQHandler) refers to lpc17xx_adc.o(i.ADC_ChannelGetStatus) for ADC_ChannelGetStatus
    main.o(i.ADC_IRQHandler) refers to lpc17xx_adc.o(i.ADC_ChannelGetData) for ADC_ChannelGetData
    main.o(i.ADC_IRQHandler) refers to fflt_clz.o(x$fpl$ffltu) for __aeabi_ui2f
    main.o(i.ADC_IRQHandler) refers to fmul.o(x$fpl$fmul) for __aeabi_fmul
    main.o(i.ADC_IRQHandler) refers to fdiv.o(x$fpl$fdiv) for __aeabi_fdiv
    main.o(i.ADC_IRQHandler) refers to ffixu.o(x$fpl$ffixu) for __aeabi_f2uiz
    main.o(i.ADC_IRQHandler) refers to lpc17xx_adc.o(i.ADC_StartCmd) for ADC_StartCmd
    main.o(i.ADC_IRQHandler) refers to main.o(.data) for volatge
    main.o(i.main) refers to lpc17xx_pinsel.o(i.PINSEL_ConfigPin) for PINSEL_ConfigPin
    main.o(i.main) refers to lpc17xx_adc.o(i.ADC_Init) for ADC_Init
    main.o(i.main) refers to lpc17xx_adc.o(i.ADC_IntConfig) for ADC_IntConfig
    main.o(i.main) refers to lpc17xx_adc.o(i.ADC_ChannelCmd) for ADC_ChannelCmd
    main.o(i.main) refers to lpc17xx_gpio.o(i.FIO_ByteSetDir) for FIO_ByteSetDir
    main.o(i.main) refers to lpc17xx_gpio.o(i.GPIO_SetDir) for GPIO_SetDir
    main.o(i.main) refers to lpc17xx_adc.o(i.ADC_StartCmd) for ADC_StartCmd
    main.o(i.main) refers to lpc17xx_gpio.o(i.GPIO_SetValue) for GPIO_SetValue
    main.o(i.main) refers to lpc17xx_gpio.o(i.GPIO_ClearValue) for GPIO_ClearValue
    main.o(i.main) refers to lpc17xx_gpio.o(i.FIO_ByteSetValue) for FIO_ByteSetValue
    main.o(i.main) refers to lpc17xx_gpio.o(i.FIO_ByteClearValue) for FIO_ByteClearValue
    main.o(i.main) refers to main.o(i.DelayRefresh) for DelayRefresh
    main.o(i.main) refers to main.o(.data) for flagOfTemp
    main.o(i.main) refers to main.o(.constdata) for segmentTable
    lpc17xx_adc.o(i.ADC_DeInit) refers to lpc17xx_clkpwr.o(i.CLKPWR_ConfigPPWR) for CLKPWR_ConfigPPWR
    lpc17xx_adc.o(i.ADC_Init) refers to lpc17xx_clkpwr.o(i.CLKPWR_ConfigPPWR) for CLKPWR_ConfigPPWR
    lpc17xx_adc.o(i.ADC_Init) refers to lpc17xx_clkpwr.o(i.CLKPWR_GetPCLK) for CLKPWR_GetPCLK
    lpc17xx_clkpwr.o(i.CLKPWR_GetPCLK) refers to lpc17xx_clkpwr.o(i.CLKPWR_GetPCLKSEL) for CLKPWR_GetPCLKSEL
    lpc17xx_clkpwr.o(i.CLKPWR_GetPCLK) refers to system_lpc17xx.o(.data) for SystemCoreClock
    lpc17xx_gpio.o(i.FIO_ByteClearValue) refers to lpc17xx_gpio.o(i.FIO_ByteGetPointer) for FIO_ByteGetPointer
    lpc17xx_gpio.o(i.FIO_ByteReadValue) refers to lpc17xx_gpio.o(i.FIO_ByteGetPointer) for FIO_ByteGetPointer
    lpc17xx_gpio.o(i.FIO_ByteSetDir) refers to lpc17xx_gpio.o(i.FIO_ByteGetPointer) for FIO_ByteGetPointer
    lpc17xx_gpio.o(i.FIO_ByteSetMask) refers to lpc17xx_gpio.o(i.FIO_ByteGetPointer) for FIO_ByteGetPointer
    lpc17xx_gpio.o(i.FIO_ByteSetValue) refers to lpc17xx_gpio.o(i.FIO_ByteGetPointer) for FIO_ByteGetPointer
    lpc17xx_gpio.o(i.FIO_ClearInt) refers to lpc17xx_gpio.o(i.GPIO_ClearInt) for GPIO_ClearInt
    lpc17xx_gpio.o(i.FIO_ClearValue) refers to lpc17xx_gpio.o(i.GPIO_ClearValue) for GPIO_ClearValue
    lpc17xx_gpio.o(i.FIO_GetIntStatus) refers to lpc17xx_gpio.o(i.GPIO_GetIntStatus) for GPIO_GetIntStatus
    lpc17xx_gpio.o(i.FIO_HalfWordClearValue) refers to lpc17xx_gpio.o(i.FIO_HalfWordGetPointer) for FIO_HalfWordGetPointer
    lpc17xx_gpio.o(i.FIO_HalfWordReadValue) refers to lpc17xx_gpio.o(i.FIO_HalfWordGetPointer) for FIO_HalfWordGetPointer
    lpc17xx_gpio.o(i.FIO_HalfWordSetDir) refers to lpc17xx_gpio.o(i.FIO_HalfWordGetPointer) for FIO_HalfWordGetPointer
    lpc17xx_gpio.o(i.FIO_HalfWordSetMask) refers to lpc17xx_gpio.o(i.FIO_HalfWordGetPointer) for FIO_HalfWordGetPointer
    lpc17xx_gpio.o(i.FIO_HalfWordSetValue) refers to lpc17xx_gpio.o(i.FIO_HalfWordGetPointer) for FIO_HalfWordGetPointer
    lpc17xx_gpio.o(i.FIO_IntCmd) refers to lpc17xx_gpio.o(i.GPIO_IntCmd) for GPIO_IntCmd
    lpc17xx_gpio.o(i.FIO_ReadValue) refers to lpc17xx_gpio.o(i.GPIO_ReadValue) for GPIO_ReadValue
    lpc17xx_gpio.o(i.FIO_SetDir) refers to lpc17xx_gpio.o(i.GPIO_SetDir) for GPIO_SetDir
    lpc17xx_gpio.o(i.FIO_SetMask) refers to lpc17xx_gpio.o(i.GPIO_GetPointer) for GPIO_GetPointer
    lpc17xx_gpio.o(i.FIO_SetValue) refers to lpc17xx_gpio.o(i.GPIO_SetValue) for GPIO_SetValue
    lpc17xx_gpio.o(i.GPIO_ClearValue) refers to lpc17xx_gpio.o(i.GPIO_GetPointer) for GPIO_GetPointer
    lpc17xx_gpio.o(i.GPIO_ReadValue) refers to lpc17xx_gpio.o(i.GPIO_GetPointer) for GPIO_GetPointer
    lpc17xx_gpio.o(i.GPIO_SetDir) refers to lpc17xx_gpio.o(i.GPIO_GetPointer) for GPIO_GetPointer
    lpc17xx_gpio.o(i.GPIO_SetValue) refers to lpc17xx_gpio.o(i.GPIO_GetPointer) for GPIO_GetPointer
    lpc17xx_pinsel.o(i.PINSEL_ConfigPin) refers to lpc17xx_pinsel.o(i.set_PinFunc) for set_PinFunc
    lpc17xx_pinsel.o(i.PINSEL_ConfigPin) refers to lpc17xx_pinsel.o(i.set_ResistorMode) for set_ResistorMode
    lpc17xx_pinsel.o(i.PINSEL_ConfigPin) refers to lpc17xx_pinsel.o(i.set_OpenDrainMode) for set_OpenDrainMode
    startup_lpc17xx.o(STACK) refers (Special) to heapauxi.o(.text) for __use_two_region_memory
    startup_lpc17xx.o(HEAP) refers (Special) to heapauxi.o(.text) for __use_two_region_memory
    startup_lpc17xx.o(RESET) refers (Special) to heapauxi.o(.text) for __use_two_region_memory
    startup_lpc17xx.o(RESET) refers to startup_lpc17xx.o(STACK) for __initial_sp
    startup_lpc17xx.o(RESET) refers to startup_lpc17xx.o(.text) for Reset_Handler
    startup_lpc17xx.o(RESET) refers to main.o(i.ADC_IRQHandler) for ADC_IRQHandler
    startup_lpc17xx.o(.ARM.__at_0x02FC) refers (Special) to heapauxi.o(.text) for __use_two_region_memory
    startup_lpc17xx.o(.text) refers (Special) to heapauxi.o(.text) for __use_two_region_memory
    startup_lpc17xx.o(.text) refers to system_lpc17xx.o(i.SystemInit) for SystemInit
    startup_lpc17xx.o(.text) refers to __main.o(!!!main) for __main
    startup_lpc17xx.o(.text) refers to startup_lpc17xx.o(HEAP) for Heap_Mem
    startup_lpc17xx.o(.text) refers to startup_lpc17xx.o(STACK) for Stack_Mem
    system_lpc17xx.o(i.SystemCoreClockUpdate) refers to lludivv7m.o(.text) for __aeabi_uldivmod
    system_lpc17xx.o(i.SystemCoreClockUpdate) refers to system_lpc17xx.o(.data) for SystemCoreClock
    __main.o(!!!main) refers to __rtentry.o(.ARM.Collect$$rtentry$$00000000) for __rt_entry
    fdiv.o(x$fpl$frdiv) refers (Special) to usenofp.o(x$fpl$usenofp) for __I$use$fp
    fdiv.o(x$fpl$frdiv) refers to fdiv.o(x$fpl$fdiv) for _fdiv1
    fdiv.o(x$fpl$fdiv) refers (Special) to usenofp.o(x$fpl$usenofp) for __I$use$fp
    fdiv.o(x$fpl$fdiv) refers to fretinf.o(x$fpl$fretinf) for __fpl_fretinf
    fdiv.o(x$fpl$fdiv) refers to fnaninf.o(x$fpl$fnaninf) for __fpl_fnaninf
    ffixu.o(x$fpl$ffixu) refers (Special) to usenofp.o(x$fpl$usenofp) for __I$use$fp
    ffixu.o(x$fpl$ffixu) refers to fnaninf.o(x$fpl$fnaninf) for __fpl_fnaninf
    ffixu.o(x$fpl$ffixur) refers (Special) to usenofp.o(x$fpl$usenofp) for __I$use$fp
    ffixu.o(x$fpl$ffixur) refers to fnaninf.o(x$fpl$fnaninf) for __fpl_fnaninf
    fflt_clz.o(x$fpl$ffltu) refers (Special) to usenofp.o(x$fpl$usenofp) for __I$use$fp
    fflt_clz.o(x$fpl$fflt) refers (Special) to usenofp.o(x$fpl$usenofp) for __I$use$fp
    fflt_clz.o(x$fpl$ffltn) refers (Special) to usenofp.o(x$fpl$usenofp) for __I$use$fp
    fmul.o(x$fpl$fmul) refers (Special) to usenofp.o(x$fpl$usenofp) for __I$use$fp
    fmul.o(x$fpl$fmul) refers to fretinf.o(x$fpl$fretinf) for __fpl_fretinf
    fmul.o(x$fpl$fmul) refers to fnaninf.o(x$fpl$fnaninf) for __fpl_fnaninf
    __rtentry.o(.ARM.Collect$$rtentry$$00000000) refers (Special) to __rtentry2.o(.ARM.Collect$$rtentry$$0000000A) for __rt_entry_li
    __rtentry.o(.ARM.Collect$$rtentry$$00000000) refers (Special) to __rtentry2.o(.ARM.Collect$$rtentry$$0000000D) for __rt_entry_main
    __rtentry.o(.ARM.Collect$$rtentry$$00000000) refers (Special) to __rtentry2.o(.ARM.Collect$$rtentry$$0000000C) for __rt_entry_postli_1
    __rtentry.o(.ARM.Collect$$rtentry$$00000000) refers (Special) to __rtentry2.o(.ARM.Collect$$rtentry$$00000009) for __rt_entry_postsh_1
    __rtentry.o(.ARM.Collect$$rtentry$$00000000) refers (Special) to __rtentry2.o(.ARM.Collect$$rtentry$$00000002) for __rt_entry_presh_1
    __rtentry.o(.ARM.Collect$$rtentry$$00000000) refers (Special) to __rtentry4.o(.ARM.Collect$$rtentry$$00000004) for __rt_entry_sh
    aeabi_ldiv0_sigfpe.o(.text) refers to rt_div0.o(.text) for __rt_div0
    fnaninf.o(x$fpl$fnaninf) refers (Special) to usenofp.o(x$fpl$usenofp) for __I$use$fp
    fretinf.o(x$fpl$fretinf) refers (Special) to usenofp.o(x$fpl$usenofp) for __I$use$fp
    __rtentry2.o(.ARM.Collect$$rtentry$$00000008) refers to boardinit2.o(.text) for _platform_post_stackheap_init
    __rtentry2.o(.ARM.Collect$$rtentry$$0000000A) refers to libinit.o(.ARM.Collect$$libinit$$00000000) for __rt_lib_init
    __rtentry2.o(.ARM.Collect$$rtentry$$0000000B) refers to boardinit3.o(.text) for _platform_post_lib_init
    __rtentry2.o(.ARM.Collect$$rtentry$$0000000D) refers to main.o(i.main) for main
    __rtentry2.o(.ARM.Collect$$rtentry$$0000000D) refers to exit.o(.text) for exit
    __rtentry2.o(.ARM.exidx) refers to __rtentry2.o(.ARM.Collect$$rtentry$$00000001) for .ARM.Collect$$rtentry$$00000001
    __rtentry2.o(.ARM.exidx) refers to __rtentry2.o(.ARM.Collect$$rtentry$$00000008) for .ARM.Collect$$rtentry$$00000008
    __rtentry2.o(.ARM.exidx) refers to __rtentry2.o(.ARM.Collect$$rtentry$$0000000A) for .ARM.Collect$$rtentry$$0000000A
    __rtentry2.o(.ARM.exidx) refers to __rtentry2.o(.ARM.Collect$$rtentry$$0000000B) for .ARM.Collect$$rtentry$$0000000B
    __rtentry2.o(.ARM.exidx) refers to __rtentry2.o(.ARM.Collect$$rtentry$$0000000D) for .ARM.Collect$$rtentry$$0000000D
    __rtentry4.o(.ARM.Collect$$rtentry$$00000004) refers to sys_stackheap_outer.o(.text) for __user_setup_stackheap
    __rtentry4.o(.ARM.exidx) refers to __rtentry4.o(.ARM.Collect$$rtentry$$00000004) for .ARM.Collect$$rtentry$$00000004
    rt_div0.o(.text) refers to defsig_fpe_outer.o(.text) for __rt_SIGFPE
    sys_stackheap_outer.o(.text) refers to libspace.o(.text) for __user_perproc_libspace
    sys_stackheap_outer.o(.text) refers to startup_lpc17xx.o(.text) for __user_initial_stackheap
    exit.o(.text) refers to rtexit.o(.ARM.Collect$$rtexit$$00000000) for __rt_exit
    defsig_fpe_outer.o(.text) refers to defsig_fpe_inner.o(.text) for __rt_SIGFPE_inner
    defsig_fpe_outer.o(.text) refers to defsig_exit.o(.text) for __sig_exit
    defsig_fpe_formal.o(.text) refers to rt_raise.o(.text) for __rt_raise
    libinit.o(.ARM.Collect$$libinit$$00000000) refers (Special) to libinit2.o(.ARM.Collect$$libinit$$0000002E) for __rt_lib_init_alloca_1
    libinit.o(.ARM.Collect$$libinit$$00000000) refers (Special) to libinit2.o(.ARM.Collect$$libinit$$0000002C) for __rt_lib_init_argv_1
    libinit.o(.ARM.Collect$$libinit$$00000000) refers (Special) to libinit2.o(.ARM.Collect$$libinit$$0000001B) for __rt_lib_init_atexit_1
    libinit.o(.ARM.Collect$$libinit$$00000000) refers (Special) to libinit2.o(.ARM.Collect$$libinit$$00000021) for __rt_lib_init_clock_1
    libinit.o(.ARM.Collect$$libinit$$00000000) refers (Special) to libinit2.o(.ARM.Collect$$libinit$$00000032) for __rt_lib_init_cpp_1
    libinit.o(.ARM.Collect$$libinit$$00000000) refers (Special) to libinit2.o(.ARM.Collect$$libinit$$00000030) for __rt_lib_init_exceptions_1
    libinit.o(.ARM.Collect$$libinit$$00000000) refers (Special) to libinit2.o(.ARM.Collect$$libinit$$00000002) for __rt_lib_init_fp_1
    libinit.o(.ARM.Collect$$libinit$$00000000) refers (Special) to libinit2.o(.ARM.Collect$$libinit$$0000001F) for __rt_lib_init_fp_trap_1
    libinit.o(.ARM.Collect$$libinit$$00000000) refers (Special) to libinit2.o(.ARM.Collect$$libinit$$00000023) for __rt_lib_init_getenv_1
    libinit.o(.ARM.Collect$$libinit$$00000000) refers (Special) to libinit2.o(.ARM.Collect$$libinit$$0000000A) for __rt_lib_init_heap_1
    libinit.o(.ARM.Collect$$libinit$$00000000) refers (Special) to libinit2.o(.ARM.Collect$$libinit$$00000011) for __rt_lib_init_lc_collate_1
    libinit.o(.ARM.Collect$$libinit$$00000000) refers (Special) to libinit2.o(.ARM.Collect$$libinit$$00000013) for __rt_lib_init_lc_ctype_1
    libinit.o(.ARM.Collect$$libinit$$00000000) refers (Special) to libinit2.o(.ARM.Collect$$libinit$$00000015) for __rt_lib_init_lc_monetary_1
    libinit.o(.ARM.Collect$$libinit$$00000000) refers (Special) to libinit2.o(.ARM.Collect$$libinit$$00000017) for __rt_lib_init_lc_numeric_1
    libinit.o(.ARM.Collect$$libinit$$00000000) refers (Special) to libinit2.o(.ARM.Collect$$libinit$$00000019) for __rt_lib_init_lc_time_1
    libinit.o(.ARM.Collect$$libinit$$00000000) refers (Special) to libinit2.o(.ARM.Collect$$libinit$$00000004) for __rt_lib_init_preinit_1
    libinit.o(.ARM.Collect$$libinit$$00000000) refers (Special) to libinit2.o(.ARM.Collect$$libinit$$0000000E) for __rt_lib_init_rand_1
    libinit.o(.ARM.Collect$$libinit$$00000000) refers (Special) to libinit2.o(.ARM.Collect$$libinit$$00000033) for __rt_lib_init_return
    libinit.o(.ARM.Collect$$libinit$$00000000) refers (Special) to libinit2.o(.ARM.Collect$$libinit$$0000001D) for __rt_lib_init_signal_1
    libinit.o(.ARM.Collect$$libinit$$00000000) refers (Special) to libinit2.o(.ARM.Collect$$libinit$$00000025) for __rt_lib_init_stdio_1
    libinit.o(.ARM.Collect$$libinit$$00000000) refers (Special) to libinit2.o(.ARM.Collect$$libinit$$0000000C) for __rt_lib_init_user_alloc_1
    libspace.o(.text) refers to libspace.o(.bss) for __libspace_start
    rtexit.o(.ARM.Collect$$rtexit$$00000000) refers (Special) to rtexit2.o(.ARM.Collect$$rtexit$$00000004) for __rt_exit_exit
    rtexit.o(.ARM.Collect$$rtexit$$00000000) refers (Special) to rtexit2.o(.ARM.Collect$$rtexit$$00000003) for __rt_exit_ls
    rtexit.o(.ARM.Collect$$rtexit$$00000000) refers (Special) to rtexit2.o(.ARM.Collect$$rtexit$$00000002) for __rt_exit_prels_1
    rtexit.o(.ARM.exidx) refers (Special) to rtexit2.o(.ARM.Collect$$rtexit$$00000004) for __rt_exit_exit
    rtexit.o(.ARM.exidx) refers (Special) to rtexit2.o(.ARM.Collect$$rtexit$$00000003) for __rt_exit_ls
    rtexit.o(.ARM.exidx) refers (Special) to rtexit2.o(.ARM.Collect$$rtexit$$00000002) for __rt_exit_prels_1
    rtexit.o(.ARM.exidx) refers to rtexit.o(.ARM.Collect$$rtexit$$00000000) for .ARM.Collect$$rtexit$$00000000
    rt_raise.o(.text) refers to __raise.o(.text) for __raise
    rt_raise.o(.text) refers to sys_exit.o(.text) for _sys_exit
    defsig_exit.o(.text) refers to sys_exit.o(.text) for _sys_exit
    defsig_fpe_inner.o(.text) refers to defsig_general.o(.text) for __default_signal_display
    libinit2.o(.ARM.Collect$$libinit$$00000010) refers to libinit2.o(.ARM.Collect$$libinit$$0000000F) for .ARM.Collect$$libinit$$0000000F
    libinit2.o(.ARM.Collect$$libinit$$00000012) refers to libinit2.o(.ARM.Collect$$libinit$$0000000F) for .ARM.Collect$$libinit$$0000000F
    libinit2.o(.ARM.Collect$$libinit$$00000014) refers to libinit2.o(.ARM.Collect$$libinit$$0000000F) for .ARM.Collect$$libinit$$0000000F
    libinit2.o(.ARM.Collect$$libinit$$00000016) refers to libinit2.o(.ARM.Collect$$libinit$$0000000F) for .ARM.Collect$$libinit$$0000000F
    libinit2.o(.ARM.Collect$$libinit$$00000018) refers to libinit2.o(.ARM.Collect$$libinit$$0000000F) for .ARM.Collect$$libinit$$0000000F
    libinit2.o(.ARM.Collect$$libinit$$00000026) refers to argv_veneer.o(.emb_text) for __ARM_argv_veneer
    libinit2.o(.ARM.Collect$$libinit$$00000027) refers to argv_veneer.o(.emb_text) for __ARM_argv_veneer
    sys_exit.o(.text) refers (Special) to use_no_semi.o(.text) for __I$use$semihosting
    sys_exit.o(.text) refers (Special) to indicate_semi.o(.text) for __semihosting_library_function
    rtexit2.o(.ARM.Collect$$rtexit$$00000003) refers to libshutdown.o(.ARM.Collect$$libshutdown$$00000000) for __rt_lib_shutdown
    rtexit2.o(.ARM.Collect$$rtexit$$00000004) refers to sys_exit.o(.text) for _sys_exit
    rtexit2.o(.ARM.exidx) refers to rtexit2.o(.ARM.Collect$$rtexit$$00000001) for .ARM.Collect$$rtexit$$00000001
    rtexit2.o(.ARM.exidx) refers to rtexit2.o(.ARM.Collect$$rtexit$$00000003) for .ARM.Collect$$rtexit$$00000003
    rtexit2.o(.ARM.exidx) refers to rtexit2.o(.ARM.Collect$$rtexit$$00000004) for .ARM.Collect$$rtexit$$00000004
    __raise.o(.text) refers to defsig.o(CL$$defsig) for __default_signal_handler
    defsig_general.o(.text) refers to sys_wrch.o(.text) for _ttywrch
    argv_veneer.o(.emb_text) refers to no_argv.o(.text) for __ARM_get_argv
    sys_wrch.o(.text) refers (Special) to use_no_semi.o(.text) for __I$use$semihosting
    sys_wrch.o(.text) refers (Special) to indicate_semi.o(.text) for __semihosting_library_function
    defsig.o(CL$$defsig) refers to defsig_fpe_inner.o(.text) for __rt_SIGFPE_inner
    defsig.o(CL$$defsig) refers to defsig_rtmem_inner.o(.text) for __rt_SIGRTMEM_inner
    _get_argv_nomalloc.o(.text) refers (Special) to hrguard.o(.text) for __heap_region$guard
    _get_argv_nomalloc.o(.text) refers to defsig_rtmem_outer.o(.text) for __rt_SIGRTMEM
    _get_argv_nomalloc.o(.text) refers to sys_command.o(.text) for _sys_command_string
    libshutdown.o(.ARM.Collect$$libshutdown$$00000000) refers (Special) to libshutdown2.o(.ARM.Collect$$libshutdown$$00000002) for __rt_lib_shutdown_cpp_1
    libshutdown.o(.ARM.Collect$$libshutdown$$00000000) refers (Special) to libshutdown2.o(.ARM.Collect$$libshutdown$$00000007) for __rt_lib_shutdown_fp_trap_1
    libshutdown.o(.ARM.Collect$$libshutdown$$00000000) refers (Special) to libshutdown2.o(.ARM.Collect$$libshutdown$$0000000F) for __rt_lib_shutdown_heap_1
    libshutdown.o(.ARM.Collect$$libshutdown$$00000000) refers (Special) to libshutdown2.o(.ARM.Collect$$libshutdown$$00000010) for __rt_lib_shutdown_return
    libshutdown.o(.ARM.Collect$$libshutdown$$00000000) refers (Special) to libshutdown2.o(.ARM.Collect$$libshutdown$$0000000A) for __rt_lib_shutdown_signal_1
    libshutdown.o(.ARM.Collect$$libshutdown$$00000000) refers (Special) to libshutdown2.o(.ARM.Collect$$libshutdown$$00000004) for __rt_lib_shutdown_stdio_1
    libshutdown.o(.ARM.Collect$$libshutdown$$00000000) refers (Special) to libshutdown2.o(.ARM.Collect$$libshutdown$$0000000C) for __rt_lib_shutdown_user_alloc_1
    sys_command.o(.text) refers (Special) to use_no_semi.o(.text) for __I$use$semihosting
    sys_command.o(.text) refers (Special) to indicate_semi.o(.text) for __semihosting_library_function
    defsig_abrt_inner.o(.text) refers to defsig_general.o(.text) for __default_signal_display
    defsig_rtred_inner.o(.text) refers to defsig_general.o(.text) for __default_signal_display
    defsig_rtmem_inner.o(.text) refers to defsig_general.o(.text) for __default_signal_display
    defsig_rtmem_outer.o(.text) refers to defsig_rtmem_inner.o(.text) for __rt_SIGRTMEM_inner
    defsig_rtmem_outer.o(.text) refers to defsig_exit.o(.text) for __sig_exit
    defsig_rtmem_formal.o(.text) refers to rt_raise.o(.text) for __rt_raise
    defsig_stak_inner.o(.text) refers to defsig_general.o(.text) for __default_signal_display
    defsig_pvfn_inner.o(.text) refers to defsig_general.o(.text) for __default_signal_display
    defsig_cppl_inner.o(.text) refers to defsig_general.o(.text) for __default_signal_display
    defsig_segv_inner.o(.text) refers to defsig_general.o(.text) for __default_signal_display
    defsig_other.o(.text) refers to defsig_general.o(.text) for __default_signal_display


==============================================================================

Removing Unused input sections from the image.

    Removing main.o(.rev16_text), (4 bytes).
    Removing main.o(.revsh_text), (4 bytes).
    Removing main.o(.rrx_text), (6 bytes).
    Removing lpc17xx_adc.o(.rev16_text), (4 bytes).
    Removing lpc17xx_adc.o(.revsh_text), (4 bytes).
    Removing lpc17xx_adc.o(.rrx_text), (6 bytes).
    Removing lpc17xx_adc.o(i.ADC_BurstCmd), (20 bytes).
    Removing lpc17xx_adc.o(i.ADC_DeInit), (48 bytes).
    Removing lpc17xx_adc.o(i.ADC_EdgeStartConfig), (20 bytes).
    Removing lpc17xx_adc.o(i.ADC_GetData), (20 bytes).
    Removing lpc17xx_adc.o(i.ADC_GlobalGetData), (6 bytes).
    Removing lpc17xx_adc.o(i.ADC_GlobalGetStatus), (28 bytes).
    Removing lpc17xx_adc.o(i.ADC_PowerdownCmd), (20 bytes).
    Removing lpc17xx_clkpwr.o(.rev16_text), (4 bytes).
    Removing lpc17xx_clkpwr.o(.revsh_text), (4 bytes).
    Removing lpc17xx_clkpwr.o(.rrx_text), (6 bytes).
    Removing lpc17xx_clkpwr.o(i.CLKPWR_DeepPowerDown), (24 bytes).
    Removing lpc17xx_clkpwr.o(i.CLKPWR_DeepSleep), (24 bytes).
    Removing lpc17xx_clkpwr.o(i.CLKPWR_PowerDown), (24 bytes).
    Removing lpc17xx_clkpwr.o(i.CLKPWR_SetPCLKDiv), (104 bytes).
    Removing lpc17xx_clkpwr.o(i.CLKPWR_Sleep), (16 bytes).
    Removing lpc17xx_gpio.o(.rev16_text), (4 bytes).
    Removing lpc17xx_gpio.o(.revsh_text), (4 bytes).
    Removing lpc17xx_gpio.o(.rrx_text), (6 bytes).
    Removing lpc17xx_gpio.o(i.FIO_ByteReadValue), (32 bytes).
    Removing lpc17xx_gpio.o(i.FIO_ByteSetMask), (66 bytes).
    Removing lpc17xx_gpio.o(i.FIO_ClearInt), (16 bytes).
    Removing lpc17xx_gpio.o(i.FIO_ClearValue), (16 bytes).
    Removing lpc17xx_gpio.o(i.FIO_GetIntStatus), (20 bytes).
    Removing lpc17xx_gpio.o(i.FIO_HalfWordClearValue), (32 bytes).
    Removing lpc17xx_gpio.o(i.FIO_HalfWordGetPointer), (56 bytes).
    Removing lpc17xx_gpio.o(i.FIO_HalfWordReadValue), (30 bytes).
    Removing lpc17xx_gpio.o(i.FIO_HalfWordSetDir), (62 bytes).
    Removing lpc17xx_gpio.o(i.FIO_HalfWordSetMask), (62 bytes).
    Removing lpc17xx_gpio.o(i.FIO_HalfWordSetValue), (32 bytes).
    Removing lpc17xx_gpio.o(i.FIO_IntCmd), (20 bytes).
    Removing lpc17xx_gpio.o(i.FIO_ReadValue), (12 bytes).
    Removing lpc17xx_gpio.o(i.FIO_SetDir), (20 bytes).
    Removing lpc17xx_gpio.o(i.FIO_SetMask), (40 bytes).
    Removing lpc17xx_gpio.o(i.FIO_SetValue), (16 bytes).
    Removing lpc17xx_gpio.o(i.GPIO_ClearInt), (32 bytes).
    Removing lpc17xx_gpio.o(i.GPIO_GetIntStatus), (88 bytes).
    Removing lpc17xx_gpio.o(i.GPIO_IntCmd), (64 bytes).
    Removing lpc17xx_gpio.o(i.GPIO_ReadValue), (22 bytes).
    Removing lpc17xx_nvic.o(.rev16_text), (4 bytes).
    Removing lpc17xx_nvic.o(.revsh_text), (4 bytes).
    Removing lpc17xx_nvic.o(.rrx_text), (6 bytes).
    Removing lpc17xx_nvic.o(i.NVIC_DeInit), (68 bytes).
    Removing lpc17xx_nvic.o(i.NVIC_SCBDeInit), (84 bytes).
    Removing lpc17xx_nvic.o(i.NVIC_SetVTOR), (12 bytes).
    Removing lpc17xx_pinsel.o(.rev16_text), (4 bytes).
    Removing lpc17xx_pinsel.o(.revsh_text), (4 bytes).
    Removing lpc17xx_pinsel.o(.rrx_text), (6 bytes).
    Removing lpc17xx_pinsel.o(i.PINSEL_ConfigTraceFunc), (40 bytes).
    Removing lpc17xx_pinsel.o(i.PINSEL_SetI2C0Pins), (20 bytes).
    Removing system_lpc17xx.o(.rev16_text), (4 bytes).
    Removing system_lpc17xx.o(.revsh_text), (4 bytes).
    Removing system_lpc17xx.o(.rrx_text), (6 bytes).
    Removing system_lpc17xx.o(i.SystemCoreClockUpdate), (424 bytes).

59 unused section(s) (total 1838 bytes) removed from the image.

==============================================================================

Image Symbol Table

    Local Symbols

    Symbol Name                              Value     Ov Type        Size  Object(Section)

    RESET                                    0x00000000   Section      204  startup_lpc17xx.o(RESET)
    ../clib/angel/boardlib.s                 0x00000000   Number         0  boardinit2.o ABSOLUTE
    ../clib/angel/boardlib.s                 0x00000000   Number         0  boardinit1.o ABSOLUTE
    ../clib/angel/boardlib.s                 0x00000000   Number         0  boardshut.o ABSOLUTE
    ../clib/angel/boardlib.s                 0x00000000   Number         0  boardinit3.o ABSOLUTE
    ../clib/angel/handlers.s                 0x00000000   Number         0  __scatter_zi.o ABSOLUTE
    ../clib/angel/handlers.s                 0x00000000   Number         0  __scatter_copy.o ABSOLUTE
    ../clib/angel/kernel.s                   0x00000000   Number         0  __rtentry4.o ABSOLUTE
    ../clib/angel/kernel.s                   0x00000000   Number         0  __rtentry2.o ABSOLUTE
    ../clib/angel/kernel.s                   0x00000000   Number         0  rtexit.o ABSOLUTE
    ../clib/angel/kernel.s                   0x00000000   Number         0  __rtentry.o ABSOLUTE
    ../clib/angel/kernel.s                   0x00000000   Number         0  rtexit2.o ABSOLUTE
    ../clib/angel/rt.s                       0x00000000   Number         0  aeabi_ldiv0.o ABSOLUTE
    ../clib/angel/rt.s                       0x00000000   Number         0  rt_div0.o ABSOLUTE
    ../clib/angel/rt.s                       0x00000000   Number         0  rt_raise.o ABSOLUTE
    ../clib/angel/rt.s                       0x00000000   Number         0  aeabi_ldiv0_sigfpe.o ABSOLUTE
    ../clib/angel/scatter.s                  0x00000000   Number         0  __scatter.o ABSOLUTE
    ../clib/angel/startup.s                  0x00000000   Number         0  __main.o ABSOLUTE
    ../clib/angel/sys.s                      0x00000000   Number         0  sys_stackheap_outer.o ABSOLUTE
    ../clib/angel/sys.s                      0x00000000   Number         0  use_no_semi.o ABSOLUTE
    ../clib/angel/sys.s                      0x00000000   Number         0  indicate_semi.o ABSOLUTE
    ../clib/angel/sys.s                      0x00000000   Number         0  libspace.o ABSOLUTE
    ../clib/angel/sysapp.c                   0x00000000   Number         0  sys_exit.o ABSOLUTE
    ../clib/angel/sysapp.c                   0x00000000   Number         0  sys_wrch.o ABSOLUTE
    ../clib/angel/sysapp.c                   0x00000000   Number         0  sys_command.o ABSOLUTE
    ../clib/armsys.c                         0x00000000   Number         0  argv_veneer.o ABSOLUTE
    ../clib/armsys.c                         0x00000000   Number         0  _get_argv_nomalloc.o ABSOLUTE
    ../clib/armsys.c                         0x00000000   Number         0  no_argv.o ABSOLUTE
    ../clib/armsys.c                         0x00000000   Number         0  argv_veneer.o ABSOLUTE
    ../clib/heapalloc.c                      0x00000000   Number         0  hrguard.o ABSOLUTE
    ../clib/heapaux.c                        0x00000000   Number         0  heapauxi.o ABSOLUTE
    ../clib/libinit.s                        0x00000000   Number         0  libshutdown.o ABSOLUTE
    ../clib/libinit.s                        0x00000000   Number         0  libshutdown2.o ABSOLUTE
    ../clib/libinit.s                        0x00000000   Number         0  libinit2.o ABSOLUTE
    ../clib/libinit.s                        0x00000000   Number         0  libinit.o ABSOLUTE
    ../clib/longlong.s                       0x00000000   Number         0  lludivv7m.o ABSOLUTE
    ../clib/signal.c                         0x00000000   Number         0  defsig_fpe_formal.o ABSOLUTE
    ../clib/signal.c                         0x00000000   Number         0  defsig_fpe_outer.o ABSOLUTE
    ../clib/signal.c                         0x00000000   Number         0  defsig_exit.o ABSOLUTE
    ../clib/signal.c                         0x00000000   Number         0  defsig_rtred_inner.o ABSOLUTE
    ../clib/signal.c                         0x00000000   Number         0  defsig_segv_inner.o ABSOLUTE
    ../clib/signal.c                         0x00000000   Number         0  defsig_rtmem_formal.o ABSOLUTE
    ../clib/signal.c                         0x00000000   Number         0  defsig_fpe_inner.o ABSOLUTE
    ../clib/signal.c                         0x00000000   Number         0  defsig_rtmem_outer.o ABSOLUTE
    ../clib/signal.c                         0x00000000   Number         0  defsig_abrt_inner.o ABSOLUTE
    ../clib/signal.c                         0x00000000   Number         0  defsig_rtmem_inner.o ABSOLUTE
    ../clib/signal.c                         0x00000000   Number         0  defsig_general.o ABSOLUTE
    ../clib/signal.c                         0x00000000   Number         0  __raise.o ABSOLUTE
    ../clib/signal.c                         0x00000000   Number         0  defsig_stak_inner.o ABSOLUTE
    ../clib/signal.c                         0x00000000   Number         0  defsig_pvfn_inner.o ABSOLUTE
    ../clib/signal.c                         0x00000000   Number         0  defsig_cppl_inner.o ABSOLUTE
    ../clib/signal.c                         0x00000000   Number         0  defsig_other.o ABSOLUTE
    ../clib/signal.s                         0x00000000   Number         0  defsig.o ABSOLUTE
    ../clib/stdlib.c                         0x00000000   Number         0  exit.o ABSOLUTE
    ../fplib/fdiv.s                          0x00000000   Number         0  fdiv.o ABSOLUTE
    ../fplib/ffixu.s                         0x00000000   Number         0  ffixu.o ABSOLUTE
    ../fplib/fflt.s                          0x00000000   Number         0  fflt_clz.o ABSOLUTE
    ../fplib/fmul.s                          0x00000000   Number         0  fmul.o ABSOLUTE
    ../fplib/fnaninf.s                       0x00000000   Number         0  fnaninf.o ABSOLUTE
    ../fplib/fpinit.s                        0x00000000   Number         0  fpinit.o ABSOLUTE
    ../fplib/fretinf.s                       0x00000000   Number         0  fretinf.o ABSOLUTE
    ../fplib/usenofp.s                       0x00000000   Number         0  usenofp.o ABSOLUTE
    ..\..\Drivers\source\lpc17xx_adc.c       0x00000000   Number         0  lpc17xx_adc.o ABSOLUTE
    ..\..\Drivers\source\lpc17xx_clkpwr.c    0x00000000   Number         0  lpc17xx_clkpwr.o ABSOLUTE
    ..\..\Drivers\source\lpc17xx_gpio.c      0x00000000   Number         0  lpc17xx_gpio.o ABSOLUTE
    ..\..\Drivers\source\lpc17xx_nvic.c      0x00000000   Number         0  lpc17xx_nvic.o ABSOLUTE
    ..\..\Drivers\source\lpc17xx_pinsel.c    0x00000000   Number         0  lpc17xx_pinsel.o ABSOLUTE
    ..\..\src\main.c                         0x00000000   Number         0  main.o ABSOLUTE
    ..\\..\\Drivers\\source\\lpc17xx_adc.c   0x00000000   Number         0  lpc17xx_adc.o ABSOLUTE
    ..\\..\\Drivers\\source\\lpc17xx_clkpwr.c 0x00000000   Number         0  lpc17xx_clkpwr.o ABSOLUTE
    ..\\..\\Drivers\\source\\lpc17xx_gpio.c  0x00000000   Number         0  lpc17xx_gpio.o ABSOLUTE
    ..\\..\\Drivers\\source\\lpc17xx_nvic.c  0x00000000   Number         0  lpc17xx_nvic.o ABSOLUTE
    ..\\..\\Drivers\\source\\lpc17xx_pinsel.c 0x00000000   Number         0  lpc17xx_pinsel.o ABSOLUTE
    ..\\..\\src\\main.c                      0x00000000   Number         0  main.o ABSOLUTE
    RTE\Device\LPC1768\startup_LPC17xx.s     0x00000000   Number         0  startup_lpc17xx.o ABSOLUTE
    RTE\Device\LPC1768\system_LPC17xx.c      0x00000000   Number         0  system_lpc17xx.o ABSOLUTE
    RTE\\Device\\LPC1768\\system_LPC17xx.c   0x00000000   Number         0  system_lpc17xx.o ABSOLUTE
    dc.s                                     0x00000000   Number         0  dc.o ABSOLUTE
    !!!main                                  0x000000cc   Section        8  __main.o(!!!main)
    !!!scatter                               0x000000d4   Section       52  __scatter.o(!!!scatter)
    !!handler_copy                           0x00000108   Section       26  __scatter_copy.o(!!handler_copy)
    !!handler_zi                             0x00000124   Section       28  __scatter_zi.o(!!handler_zi)
    .ARM.Collect$$libinit$$00000000          0x00000140   Section        2  libinit.o(.ARM.Collect$$libinit$$00000000)
    .ARM.Collect$$libinit$$00000002          0x00000142   Section        0  libinit2.o(.ARM.Collect$$libinit$$00000002)
    .ARM.Collect$$libinit$$00000004          0x00000142   Section        0  libinit2.o(.ARM.Collect$$libinit$$00000004)
    .ARM.Collect$$libinit$$0000000A          0x00000142   Section        0  libinit2.o(.ARM.Collect$$libinit$$0000000A)
    .ARM.Collect$$libinit$$0000000C          0x00000142   Section        0  libinit2.o(.ARM.Collect$$libinit$$0000000C)
    .ARM.Collect$$libinit$$0000000E          0x00000142   Section        0  libinit2.o(.ARM.Collect$$libinit$$0000000E)
    .ARM.Collect$$libinit$$00000011          0x00000142   Section        0  libinit2.o(.ARM.Collect$$libinit$$00000011)
    .ARM.Collect$$libinit$$00000013          0x00000142   Section        0  libinit2.o(.ARM.Collect$$libinit$$00000013)
    .ARM.Collect$$libinit$$00000015          0x00000142   Section        0  libinit2.o(.ARM.Collect$$libinit$$00000015)
    .ARM.Collect$$libinit$$00000017          0x00000142   Section        0  libinit2.o(.ARM.Collect$$libinit$$00000017)
    .ARM.Collect$$libinit$$00000019          0x00000142   Section        0  libinit2.o(.ARM.Collect$$libinit$$00000019)
    .ARM.Collect$$libinit$$0000001B          0x00000142   Section        0  libinit2.o(.ARM.Collect$$libinit$$0000001B)
    .ARM.Collect$$libinit$$0000001D          0x00000142   Section        0  libinit2.o(.ARM.Collect$$libinit$$0000001D)
    .ARM.Collect$$libinit$$0000001F          0x00000142   Section        0  libinit2.o(.ARM.Collect$$libinit$$0000001F)
    .ARM.Collect$$libinit$$00000021          0x00000142   Section        0  libinit2.o(.ARM.Collect$$libinit$$00000021)
    .ARM.Collect$$libinit$$00000023          0x00000142   Section        0  libinit2.o(.ARM.Collect$$libinit$$00000023)
    .ARM.Collect$$libinit$$00000025          0x00000142   Section        0  libinit2.o(.ARM.Collect$$libinit$$00000025)
    .ARM.Collect$$libinit$$0000002C          0x00000142   Section        0  libinit2.o(.ARM.Collect$$libinit$$0000002C)
    .ARM.Collect$$libinit$$0000002E          0x00000142   Section        0  libinit2.o(.ARM.Collect$$libinit$$0000002E)
    .ARM.Collect$$libinit$$00000030          0x00000142   Section        0  libinit2.o(.ARM.Collect$$libinit$$00000030)
    .ARM.Collect$$libinit$$00000032          0x00000142   Section        0  libinit2.o(.ARM.Collect$$libinit$$00000032)
    .ARM.Collect$$libinit$$00000033          0x00000142   Section        2  libinit2.o(.ARM.Collect$$libinit$$00000033)
    .ARM.Collect$$libshutdown$$00000000      0x00000144   Section        2  libshutdown.o(.ARM.Collect$$libshutdown$$00000000)
    .ARM.Collect$$libshutdown$$00000002      0x00000146   Section        0  libshutdown2.o(.ARM.Collect$$libshutdown$$00000002)
    .ARM.Collect$$libshutdown$$00000004      0x00000146   Section        0  libshutdown2.o(.ARM.Collect$$libshutdown$$00000004)
    .ARM.Collect$$libshutdown$$00000007      0x00000146   Section        0  libshutdown2.o(.ARM.Collect$$libshutdown$$00000007)
    .ARM.Collect$$libshutdown$$0000000A      0x00000146   Section        0  libshutdown2.o(.ARM.Collect$$libshutdown$$0000000A)
    .ARM.Collect$$libshutdown$$0000000C      0x00000146   Section        0  libshutdown2.o(.ARM.Collect$$libshutdown$$0000000C)
    .ARM.Collect$$libshutdown$$0000000F      0x00000146   Section        0  libshutdown2.o(.ARM.Collect$$libshutdown$$0000000F)
    .ARM.Collect$$libshutdown$$00000010      0x00000146   Section        2  libshutdown2.o(.ARM.Collect$$libshutdown$$00000010)
    .ARM.Collect$$rtentry$$00000000          0x00000148   Section        0  __rtentry.o(.ARM.Collect$$rtentry$$00000000)
    .ARM.Collect$$rtentry$$00000002          0x00000148   Section        0  __rtentry2.o(.ARM.Collect$$rtentry$$00000002)
    .ARM.Collect$$rtentry$$00000004          0x00000148   Section        6  __rtentry4.o(.ARM.Collect$$rtentry$$00000004)
    .ARM.Collect$$rtentry$$00000009          0x0000014e   Section        0  __rtentry2.o(.ARM.Collect$$rtentry$$00000009)
    .ARM.Collect$$rtentry$$0000000A          0x0000014e   Section        4  __rtentry2.o(.ARM.Collect$$rtentry$$0000000A)
    .ARM.Collect$$rtentry$$0000000C          0x00000152   Section        0  __rtentry2.o(.ARM.Collect$$rtentry$$0000000C)
    .ARM.Collect$$rtentry$$0000000D          0x00000152   Section        8  __rtentry2.o(.ARM.Collect$$rtentry$$0000000D)
    .ARM.Collect$$rtexit$$00000000           0x0000015a   Section        2  rtexit.o(.ARM.Collect$$rtexit$$00000000)
    .ARM.Collect$$rtexit$$00000002           0x0000015c   Section        0  rtexit2.o(.ARM.Collect$$rtexit$$00000002)
    .ARM.Collect$$rtexit$$00000003           0x0000015c   Section        4  rtexit2.o(.ARM.Collect$$rtexit$$00000003)
    .ARM.Collect$$rtexit$$00000004           0x00000160   Section        6  rtexit2.o(.ARM.Collect$$rtexit$$00000004)
    .text                                    0x00000168   Section       60  startup_lpc17xx.o(.text)
    .text                                    0x000001a4   Section        0  heapauxi.o(.text)
    .text                                    0x000001aa   Section       74  sys_stackheap_outer.o(.text)
    .text                                    0x000001f4   Section        0  exit.o(.text)
    .text                                    0x00000208   Section        8  libspace.o(.text)
    .text                                    0x00000210   Section        0  sys_exit.o(.text)
    .text                                    0x0000021c   Section        2  use_no_semi.o(.text)
    .text                                    0x0000021e   Section        0  indicate_semi.o(.text)
    i.ADC_ChannelCmd                         0x0000021e   Section        0  lpc17xx_adc.o(i.ADC_ChannelCmd)
    i.ADC_ChannelGetData                     0x0000024c   Section        0  lpc17xx_adc.o(i.ADC_ChannelGetData)
    i.ADC_ChannelGetStatus                   0x0000025c   Section        0  lpc17xx_adc.o(i.ADC_ChannelGetStatus)
    i.ADC_Init                               0x00000280   Section        0  lpc17xx_adc.o(i.ADC_Init)
    i.ADC_IntConfig                          0x000002ba   Section        0  lpc17xx_adc.o(i.ADC_IntConfig)
    i.ADC_StartCmd                           0x000002d4   Section        0  lpc17xx_adc.o(i.ADC_StartCmd)
    i.DelayRefresh                           0x000002e8   Section        0  main.o(i.DelayRefresh)
    .ARM.__at_0x02FC                         0x000002fc   Section        4  startup_lpc17xx.o(.ARM.__at_0x02FC)
    i.ADC_IRQHandler                         0x00000300   Section        0  main.o(i.ADC_IRQHandler)
    i.CLKPWR_ConfigPPWR                      0x000003b8   Section        0  lpc17xx_clkpwr.o(i.CLKPWR_ConfigPPWR)
    i.CLKPWR_GetPCLK                         0x000003f0   Section        0  lpc17xx_clkpwr.o(i.CLKPWR_GetPCLK)
    i.CLKPWR_GetPCLKSEL                      0x00000430   Section        0  lpc17xx_clkpwr.o(i.CLKPWR_GetPCLKSEL)
    i.FIO_ByteClearValue                     0x00000458   Section        0  lpc17xx_gpio.o(i.FIO_ByteClearValue)
    i.FIO_ByteGetPointer                     0x0000047c   Section        0  lpc17xx_gpio.o(i.FIO_ByteGetPointer)
    FIO_ByteGetPointer                       0x0000047d   Thumb Code    52  lpc17xx_gpio.o(i.FIO_ByteGetPointer)
    i.FIO_ByteSetDir                         0x000004b4   Section        0  lpc17xx_gpio.o(i.FIO_ByteSetDir)
    i.FIO_ByteSetValue                       0x000004e6   Section        0  lpc17xx_gpio.o(i.FIO_ByteSetValue)
    i.GPIO_ClearValue                        0x00000508   Section        0  lpc17xx_gpio.o(i.GPIO_ClearValue)
    i.GPIO_GetPointer                        0x0000051c   Section        0  lpc17xx_gpio.o(i.GPIO_GetPointer)
    GPIO_GetPointer                          0x0000051d   Thumb Code    52  lpc17xx_gpio.o(i.GPIO_GetPointer)
    i.GPIO_SetDir                            0x00000554   Section        0  lpc17xx_gpio.o(i.GPIO_SetDir)
    i.GPIO_SetValue                          0x0000057c   Section        0  lpc17xx_gpio.o(i.GPIO_SetValue)
    i.PINSEL_ConfigPin                       0x00000590   Section        0  lpc17xx_pinsel.o(i.PINSEL_ConfigPin)
    i.SystemInit                             0x000005b4   Section        0  system_lpc17xx.o(i.SystemInit)
    i.main                                   0x000006f4   Section        0  main.o(i.main)
    i.set_OpenDrainMode                      0x00000904   Section        0  lpc17xx_pinsel.o(i.set_OpenDrainMode)
    set_OpenDrainMode                        0x00000905   Thumb Code    42  lpc17xx_pinsel.o(i.set_OpenDrainMode)
    i.set_PinFunc                            0x00000934   Section        0  lpc17xx_pinsel.o(i.set_PinFunc)
    set_PinFunc                              0x00000935   Thumb Code    60  lpc17xx_pinsel.o(i.set_PinFunc)
    i.set_ResistorMode                       0x00000974   Section        0  lpc17xx_pinsel.o(i.set_ResistorMode)
    set_ResistorMode                         0x00000975   Thumb Code    60  lpc17xx_pinsel.o(i.set_ResistorMode)
    x$fpl$fdiv                               0x000009b4   Section      388  fdiv.o(x$fpl$fdiv)
    _fdiv1                                   0x000009b5   Thumb Code     0  fdiv.o(x$fpl$fdiv)
    x$fpl$ffixu                              0x00000b38   Section       62  ffixu.o(x$fpl$ffixu)
    x$fpl$ffltu                              0x00000b78   Section       38  fflt_clz.o(x$fpl$ffltu)
    x$fpl$fmul                               0x00000ba0   Section      258  fmul.o(x$fpl$fmul)
    x$fpl$fnaninf                            0x00000ca2   Section      140  fnaninf.o(x$fpl$fnaninf)
    x$fpl$fretinf                            0x00000d2e   Section       10  fretinf.o(x$fpl$fretinf)
    .constdata                               0x00000d38   Section       10  main.o(.constdata)
    x$fpl$usenofp                            0x00000d38   Section        0  usenofp.o(x$fpl$usenofp)
    STACK                                    0x10000000   Section      512  startup_lpc17xx.o(STACK)
    Stack_Mem                                0x10000000   Data         512  startup_lpc17xx.o(STACK)
    __initial_sp                             0x10000200   Data           0  startup_lpc17xx.o(STACK)
    .data                                    0x2007c000   Section       14  main.o(.data)
    .data                                    0x2007c010   Section        4  system_lpc17xx.o(.data)
    .bss                                     0x2007c014   Section       96  libspace.o(.bss)
    HEAP                                     0x2007c078   Section        0  startup_lpc17xx.o(HEAP)
    Heap_Mem                                 0x2007c078   Data           0  startup_lpc17xx.o(HEAP)

    Global Symbols

    Symbol Name                              Value     Ov Type        Size  Object(Section)

    BuildAttributes$$THM_ISAv4$P$D$K$B$S$PE$A:L22UL41UL21$X:L11$S22US41US21$IEEE1$IW$USESV6$~STKCKD$USESV7$~SHL$OSPACE$ROPI$EBA8$UX$STANDARDLIB$REQ8$PRES8$EABIv2 0x00000000   Number         0  anon$$obj.o ABSOLUTE
    __ARM_use_no_argv                        0x00000000   Number         0  main.o ABSOLUTE
    __Vectors                                0x00000000   Data           4  startup_lpc17xx.o(RESET)
    __ARM_exceptions_init                     - Undefined Weak Reference
    __alloca_initialize                       - Undefined Weak Reference
    __arm_preinit_                            - Undefined Weak Reference
    __cpp_initialize__aeabi_                  - Undefined Weak Reference
    __cxa_finalize                            - Undefined Weak Reference
    __rt_locale                               - Undefined Weak Reference
    __sigvec_lookup                           - Undefined Weak Reference
    _atexit_init                              - Undefined Weak Reference
    _call_atexit_fns                          - Undefined Weak Reference
    _clock_init                               - Undefined Weak Reference
    _fp_trap_init                             - Undefined Weak Reference
    _fp_trap_shutdown                         - Undefined Weak Reference
    _get_lc_collate                           - Undefined Weak Reference
    _get_lc_ctype                             - Undefined Weak Reference
    _get_lc_monetary                          - Undefined Weak Reference
    _get_lc_numeric                           - Undefined Weak Reference
    _get_lc_time                              - Undefined Weak Reference
    _getenv_init                              - Undefined Weak Reference
    _handle_redirection                       - Undefined Weak Reference
    _init_alloc                               - Undefined Weak Reference
    _init_user_alloc                          - Undefined Weak Reference
    _initio                                   - Undefined Weak Reference
    _rand_init                                - Undefined Weak Reference
    _signal_finish                            - Undefined Weak Reference
    _signal_init                              - Undefined Weak Reference
    _terminate_alloc                          - Undefined Weak Reference
    _terminate_user_alloc                     - Undefined Weak Reference
    _terminateio                              - Undefined Weak Reference
    __main                                   0x000000cd   Thumb Code     8  __main.o(!!!main)
    __scatterload                            0x000000d5   Thumb Code     0  __scatter.o(!!!scatter)
    __scatterload_rt2                        0x000000d5   Thumb Code    44  __scatter.o(!!!scatter)
    __scatterload_rt2_thumb_only             0x000000d5   Thumb Code     0  __scatter.o(!!!scatter)
    __scatterload_null                       0x000000e3   Thumb Code     0  __scatter.o(!!!scatter)
    __scatterload_copy                       0x00000109   Thumb Code    26  __scatter_copy.o(!!handler_copy)
    __scatterload_zeroinit                   0x00000125   Thumb Code    28  __scatter_zi.o(!!handler_zi)
    __rt_lib_init                            0x00000141   Thumb Code     0  libinit.o(.ARM.Collect$$libinit$$00000000)
    __rt_lib_init_alloca_1                   0x00000143   Thumb Code     0  libinit2.o(.ARM.Collect$$libinit$$0000002E)
    __rt_lib_init_argv_1                     0x00000143   Thumb Code     0  libinit2.o(.ARM.Collect$$libinit$$0000002C)
    __rt_lib_init_atexit_1                   0x00000143   Thumb Code     0  libinit2.o(.ARM.Collect$$libinit$$0000001B)
    __rt_lib_init_clock_1                    0x00000143   Thumb Code     0  libinit2.o(.ARM.Collect$$libinit$$00000021)
    __rt_lib_init_cpp_1                      0x00000143   Thumb Code     0  libinit2.o(.ARM.Collect$$libinit$$00000032)
    __rt_lib_init_exceptions_1               0x00000143   Thumb Code     0  libinit2.o(.ARM.Collect$$libinit$$00000030)
    __rt_lib_init_fp_1                       0x00000143   Thumb Code     0  libinit2.o(.ARM.Collect$$libinit$$00000002)
    __rt_lib_init_fp_trap_1                  0x00000143   Thumb Code     0  libinit2.o(.ARM.Collect$$libinit$$0000001F)
    __rt_lib_init_getenv_1                   0x00000143   Thumb Code     0  libinit2.o(.ARM.Collect$$libinit$$00000023)
    __rt_lib_init_heap_1                     0x00000143   Thumb Code     0  libinit2.o(.ARM.Collect$$libinit$$0000000A)
    __rt_lib_init_lc_collate_1               0x00000143   Thumb Code     0  libinit2.o(.ARM.Collect$$libinit$$00000011)
    __rt_lib_init_lc_ctype_1                 0x00000143   Thumb Code     0  libinit2.o(.ARM.Collect$$libinit$$00000013)
    __rt_lib_init_lc_monetary_1              0x00000143   Thumb Code     0  libinit2.o(.ARM.Collect$$libinit$$00000015)
    __rt_lib_init_lc_numeric_1               0x00000143   Thumb Code     0  libinit2.o(.ARM.Collect$$libinit$$00000017)
    __rt_lib_init_lc_time_1                  0x00000143   Thumb Code     0  libinit2.o(.ARM.Collect$$libinit$$00000019)
    __rt_lib_init_preinit_1                  0x00000143   Thumb Code     0  libinit2.o(.ARM.Collect$$libinit$$00000004)
    __rt_lib_init_rand_1                     0x00000143   Thumb Code     0  libinit2.o(.ARM.Collect$$libinit$$0000000E)
    __rt_lib_init_return                     0x00000143   Thumb Code     0  libinit2.o(.ARM.Collect$$libinit$$00000033)
    __rt_lib_init_signal_1                   0x00000143   Thumb Code     0  libinit2.o(.ARM.Collect$$libinit$$0000001D)
    __rt_lib_init_stdio_1                    0x00000143   Thumb Code     0  libinit2.o(.ARM.Collect$$libinit$$00000025)
    __rt_lib_init_user_alloc_1               0x00000143   Thumb Code     0  libinit2.o(.ARM.Collect$$libinit$$0000000C)
    __rt_lib_shutdown                        0x00000145   Thumb Code     0  libshutdown.o(.ARM.Collect$$libshutdown$$00000000)
    __rt_lib_shutdown_cpp_1                  0x00000147   Thumb Code     0  libshutdown2.o(.ARM.Collect$$libshutdown$$00000002)
    __rt_lib_shutdown_fp_trap_1              0x00000147   Thumb Code     0  libshutdown2.o(.ARM.Collect$$libshutdown$$00000007)
    __rt_lib_shutdown_heap_1                 0x00000147   Thumb Code     0  libshutdown2.o(.ARM.Collect$$libshutdown$$0000000F)
    __rt_lib_shutdown_return                 0x00000147   Thumb Code     0  libshutdown2.o(.ARM.Collect$$libshutdown$$00000010)
    __rt_lib_shutdown_signal_1               0x00000147   Thumb Code     0  libshutdown2.o(.ARM.Collect$$libshutdown$$0000000A)
    __rt_lib_shutdown_stdio_1                0x00000147   Thumb Code     0  libshutdown2.o(.ARM.Collect$$libshutdown$$00000004)
    __rt_lib_shutdown_user_alloc_1           0x00000147   Thumb Code     0  libshutdown2.o(.ARM.Collect$$libshutdown$$0000000C)
    __rt_entry                               0x00000149   Thumb Code     0  __rtentry.o(.ARM.Collect$$rtentry$$00000000)
    __rt_entry_presh_1                       0x00000149   Thumb Code     0  __rtentry2.o(.ARM.Collect$$rtentry$$00000002)
    __rt_entry_sh                            0x00000149   Thumb Code     0  __rtentry4.o(.ARM.Collect$$rtentry$$00000004)
    __rt_entry_li                            0x0000014f   Thumb Code     0  __rtentry2.o(.ARM.Collect$$rtentry$$0000000A)
    __rt_entry_postsh_1                      0x0000014f   Thumb Code     0  __rtentry2.o(.ARM.Collect$$rtentry$$00000009)
    __rt_entry_main                          0x00000153   Thumb Code     0  __rtentry2.o(.ARM.Collect$$rtentry$$0000000D)
    __rt_entry_postli_1                      0x00000153   Thumb Code     0  __rtentry2.o(.ARM.Collect$$rtentry$$0000000C)
    __rt_exit                                0x0000015b   Thumb Code     0  rtexit.o(.ARM.Collect$$rtexit$$00000000)
    __rt_exit_ls                             0x0000015d   Thumb Code     0  rtexit2.o(.ARM.Collect$$rtexit$$00000003)
    __rt_exit_prels_1                        0x0000015d   Thumb Code     0  rtexit2.o(.ARM.Collect$$rtexit$$00000002)
    __rt_exit_exit                           0x00000161   Thumb Code     0  rtexit2.o(.ARM.Collect$$rtexit$$00000004)
    Reset_Handler                            0x00000169   Thumb Code     8  startup_lpc17xx.o(.text)
    NMI_Handler                              0x00000171   Thumb Code     2  startup_lpc17xx.o(.text)
    HardFault_Handler                        0x00000173   Thumb Code     2  startup_lpc17xx.o(.text)
    MemManage_Handler                        0x00000175   Thumb Code     2  startup_lpc17xx.o(.text)
    BusFault_Handler                         0x00000177   Thumb Code     2  startup_lpc17xx.o(.text)
    UsageFault_Handler                       0x00000179   Thumb Code     2  startup_lpc17xx.o(.text)
    SVC_Handler                              0x0000017b   Thumb Code     2  startup_lpc17xx.o(.text)
    DebugMon_Handler                         0x0000017d   Thumb Code     2  startup_lpc17xx.o(.text)
    PendSV_Handler                           0x0000017f   Thumb Code     2  startup_lpc17xx.o(.text)
    SysTick_Handler                          0x00000181   Thumb Code     2  startup_lpc17xx.o(.text)
    BOD_IRQHandler                           0x00000183   Thumb Code     0  startup_lpc17xx.o(.text)
    CANActivity_IRQHandler                   0x00000183   Thumb Code     0  startup_lpc17xx.o(.text)
    CAN_IRQHandler                           0x00000183   Thumb Code     0  startup_lpc17xx.o(.text)
    DMA_IRQHandler                           0x00000183   Thumb Code     0  startup_lpc17xx.o(.text)
    EINT0_IRQHandler                         0x00000183   Thumb Code     0  startup_lpc17xx.o(.text)
    EINT1_IRQHandler                         0x00000183   Thumb Code     0  startup_lpc17xx.o(.text)
    EINT2_IRQHandler                         0x00000183   Thumb Code     0  startup_lpc17xx.o(.text)
    EINT3_IRQHandler                         0x00000183   Thumb Code     0  startup_lpc17xx.o(.text)
    ENET_IRQHandler                          0x00000183   Thumb Code     0  startup_lpc17xx.o(.text)
    I2C0_IRQHandler                          0x00000183   Thumb Code     0  startup_lpc17xx.o(.text)
    I2C1_IRQHandler                          0x00000183   Thumb Code     0  startup_lpc17xx.o(.text)
    I2C2_IRQHandler                          0x00000183   Thumb Code     0  startup_lpc17xx.o(.text)
    I2S_IRQHandler                           0x00000183   Thumb Code     0  startup_lpc17xx.o(.text)
    MCPWM_IRQHandler                         0x00000183   Thumb Code     0  startup_lpc17xx.o(.text)
    PLL0_IRQHandler                          0x00000183   Thumb Code     0  startup_lpc17xx.o(.text)
    PLL1_IRQHandler                          0x00000183   Thumb Code     0  startup_lpc17xx.o(.text)
    PWM1_IRQHandler                          0x00000183   Thumb Code     0  startup_lpc17xx.o(.text)
    QEI_IRQHandler                           0x00000183   Thumb Code     0  startup_lpc17xx.o(.text)
    RIT_IRQHandler                           0x00000183   Thumb Code     0  startup_lpc17xx.o(.text)
    RTC_IRQHandler                           0x00000183   Thumb Code     0  startup_lpc17xx.o(.text)
    SPI_IRQHandler                           0x00000183   Thumb Code     0  startup_lpc17xx.o(.text)
    SSP0_IRQHandler                          0x00000183   Thumb Code     0  startup_lpc17xx.o(.text)
    SSP1_IRQHandler                          0x00000183   Thumb Code     0  startup_lpc17xx.o(.text)
    TIMER0_IRQHandler                        0x00000183   Thumb Code     0  startup_lpc17xx.o(.text)
    TIMER1_IRQHandler                        0x00000183   Thumb Code     0  startup_lpc17xx.o(.text)
    TIMER2_IRQHandler                        0x00000183   Thumb Code     0  startup_lpc17xx.o(.text)
    TIMER3_IRQHandler                        0x00000183   Thumb Code     0  startup_lpc17xx.o(.text)
    UART0_IRQHandler                         0x00000183   Thumb Code     0  startup_lpc17xx.o(.text)
    UART1_IRQHandler                         0x00000183   Thumb Code     0  startup_lpc17xx.o(.text)
    UART2_IRQHandler                         0x00000183   Thumb Code     0  startup_lpc17xx.o(.text)
    UART3_IRQHandler                         0x00000183   Thumb Code     0  startup_lpc17xx.o(.text)
    USBActivity_IRQHandler                   0x00000183   Thumb Code     0  startup_lpc17xx.o(.text)
    USB_IRQHandler                           0x00000183   Thumb Code     0  startup_lpc17xx.o(.text)
    WDT_IRQHandler                           0x00000183   Thumb Code     0  startup_lpc17xx.o(.text)
    __user_initial_stackheap                 0x00000185   Thumb Code     0  startup_lpc17xx.o(.text)
    __use_two_region_memory                  0x000001a5   Thumb Code     2  heapauxi.o(.text)
    __rt_heap_escrow$2region                 0x000001a7   Thumb Code     2  heapauxi.o(.text)
    __rt_heap_expand$2region                 0x000001a9   Thumb Code     2  heapauxi.o(.text)
    __user_setup_stackheap                   0x000001ab   Thumb Code    74  sys_stackheap_outer.o(.text)
    exit                                     0x000001f5   Thumb Code    18  exit.o(.text)
    __user_libspace                          0x00000209   Thumb Code     8  libspace.o(.text)
    __user_perproc_libspace                  0x00000209   Thumb Code     0  libspace.o(.text)
    __user_perthread_libspace                0x00000209   Thumb Code     0  libspace.o(.text)
    _sys_exit                                0x00000211   Thumb Code     8  sys_exit.o(.text)
    __I$use$semihosting                      0x0000021d   Thumb Code     0  use_no_semi.o(.text)
    __use_no_semihosting_swi                 0x0000021d   Thumb Code     2  use_no_semi.o(.text)
    ADC_ChannelCmd                           0x0000021f   Thumb Code    46  lpc17xx_adc.o(i.ADC_ChannelCmd)
    __semihosting_library_function           0x0000021f   Thumb Code     0  indicate_semi.o(.text)
    ADC_ChannelGetData                       0x0000024d   Thumb Code    16  lpc17xx_adc.o(i.ADC_ChannelGetData)
    ADC_ChannelGetStatus                     0x0000025d   Thumb Code    36  lpc17xx_adc.o(i.ADC_ChannelGetStatus)
    ADC_Init                                 0x00000281   Thumb Code    58  lpc17xx_adc.o(i.ADC_Init)
    ADC_IntConfig                            0x000002bb   Thumb Code    26  lpc17xx_adc.o(i.ADC_IntConfig)
    ADC_StartCmd                             0x000002d5   Thumb Code    18  lpc17xx_adc.o(i.ADC_StartCmd)
    DelayRefresh                             0x000002e9   Thumb Code    14  main.o(i.DelayRefresh)
    ADC_IRQHandler                           0x00000301   Thumb Code   146  main.o(i.ADC_IRQHandler)
    CLKPWR_ConfigPPWR                        0x000003b9   Thumb Code    46  lpc17xx_clkpwr.o(i.CLKPWR_ConfigPPWR)
    CLKPWR_GetPCLK                           0x000003f1   Thumb Code    58  lpc17xx_clkpwr.o(i.CLKPWR_GetPCLK)
    CLKPWR_GetPCLKSEL                        0x00000431   Thumb Code    34  lpc17xx_clkpwr.o(i.CLKPWR_GetPCLKSEL)
    FIO_ByteClearValue                       0x00000459   Thumb Code    34  lpc17xx_gpio.o(i.FIO_ByteClearValue)
    FIO_ByteSetDir                           0x000004b5   Thumb Code    50  lpc17xx_gpio.o(i.FIO_ByteSetDir)
    FIO_ByteSetValue                         0x000004e7   Thumb Code    34  lpc17xx_gpio.o(i.FIO_ByteSetValue)
    GPIO_ClearValue                          0x00000509   Thumb Code    20  lpc17xx_gpio.o(i.GPIO_ClearValue)
    GPIO_SetDir                              0x00000555   Thumb Code    40  lpc17xx_gpio.o(i.GPIO_SetDir)
    GPIO_SetValue                            0x0000057d   Thumb Code    20  lpc17xx_gpio.o(i.GPIO_SetValue)
    PINSEL_ConfigPin                         0x00000591   Thumb Code    36  lpc17xx_pinsel.o(i.PINSEL_ConfigPin)
    SystemInit                               0x000005b5   Thumb Code   302  system_lpc17xx.o(i.SystemInit)
    main                                     0x000006f5   Thumb Code   494  main.o(i.main)
    __aeabi_fdiv                             0x000009b5   Thumb Code     0  fdiv.o(x$fpl$fdiv)
    _fdiv                                    0x000009b5   Thumb Code   384  fdiv.o(x$fpl$fdiv)
    __aeabi_f2uiz                            0x00000b39   Thumb Code     0  ffixu.o(x$fpl$ffixu)
    _ffixu                                   0x00000b39   Thumb Code    62  ffixu.o(x$fpl$ffixu)
    __aeabi_ui2f                             0x00000b79   Thumb Code     0  fflt_clz.o(x$fpl$ffltu)
    _ffltu                                   0x00000b79   Thumb Code    38  fflt_clz.o(x$fpl$ffltu)
    __aeabi_fmul                             0x00000ba1   Thumb Code     0  fmul.o(x$fpl$fmul)
    _fmul                                    0x00000ba1   Thumb Code   258  fmul.o(x$fpl$fmul)
    __fpl_fnaninf                            0x00000ca3   Thumb Code   140  fnaninf.o(x$fpl$fnaninf)
    __fpl_fretinf                            0x00000d2f   Thumb Code    10  fretinf.o(x$fpl$fretinf)
    __I$use$fp                               0x00000d38   Number         0  usenofp.o(x$fpl$usenofp)
    segmentTable                             0x00000d38   Data          10  main.o(.constdata)
    Region$$Table$$Base                      0x00000d44   Number         0  anon$$obj.o(Region$$Table)
    Region$$Table$$Limit                     0x00000d74   Number         0  anon$$obj.o(Region$$Table)
    volatge                                  0x2007c000   Data           2  main.o(.data)
    realTemp                                 0x2007c002   Data           2  main.o(.data)
    calcVolt                                 0x2007c004   Data           4  main.o(.data)
    total                                    0x2007c008   Data           4  main.o(.data)
    countOfSum                               0x2007c00c   Data           1  main.o(.data)
    flagOfTemp                               0x2007c00d   Data           1  main.o(.data)
    SystemCoreClock                          0x2007c010   Data           4  system_lpc17xx.o(.data)
    __libspace_start                         0x2007c014   Data          96  libspace.o(.bss)
    __temporary_stack_top$libspace           0x2007c074   Data           0  libspace.o(.bss)



==============================================================================

Memory Map of the image

  Image Entry point : 0x000000cd

  Load Region LR_IROM1 (Base: 0x00000000, Size: 0x00000d88, Max: 0x00080000, ABSOLUTE)

    Execution Region ER_IROM1 (Exec base: 0x00000000, Load base: 0x00000000, Size: 0x00000d74, Max: 0x00080000, ABSOLUTE)

    Exec Addr    Load Addr    Size         Type   Attr      Idx    E Section Name        Object

    0x00000000   0x00000000   0x000000cc   Data   RO          529    RESET               startup_lpc17xx.o
    0x000000cc   0x000000cc   0x00000008   Code   RO          579  * !!!main             c_w.l(__main.o)
    0x000000d4   0x000000d4   0x00000034   Code   RO          767    !!!scatter          c_w.l(__scatter.o)
    0x00000108   0x00000108   0x0000001a   Code   RO          769    !!handler_copy      c_w.l(__scatter_copy.o)
    0x00000122   0x00000122   0x00000002   PAD
    0x00000124   0x00000124   0x0000001c   Code   RO          771    !!handler_zi        c_w.l(__scatter_zi.o)
    0x00000140   0x00000140   0x00000002   Code   RO          637    .ARM.Collect$$libinit$$00000000  c_w.l(libinit.o)
    0x00000142   0x00000142   0x00000000   Code   RO          650    .ARM.Collect$$libinit$$00000002  c_w.l(libinit2.o)
    0x00000142   0x00000142   0x00000000   Code   RO          652    .ARM.Collect$$libinit$$00000004  c_w.l(libinit2.o)
    0x00000142   0x00000142   0x00000000   Code   RO          655    .ARM.Collect$$libinit$$0000000A  c_w.l(libinit2.o)
    0x00000142   0x00000142   0x00000000   Code   RO          657    .ARM.Collect$$libinit$$0000000C  c_w.l(libinit2.o)
    0x00000142   0x00000142   0x00000000   Code   RO          659    .ARM.Collect$$libinit$$0000000E  c_w.l(libinit2.o)
    0x00000142   0x00000142   0x00000000   Code   RO          662    .ARM.Collect$$libinit$$00000011  c_w.l(libinit2.o)
    0x00000142   0x00000142   0x00000000   Code   RO          664    .ARM.Collect$$libinit$$00000013  c_w.l(libinit2.o)
    0x00000142   0x00000142   0x00000000   Code   RO          666    .ARM.Collect$$libinit$$00000015  c_w.l(libinit2.o)
    0x00000142   0x00000142   0x00000000   Code   RO          668    .ARM.Collect$$libinit$$00000017  c_w.l(libinit2.o)
    0x00000142   0x00000142   0x00000000   Code   RO          670    .ARM.Collect$$libinit$$00000019  c_w.l(libinit2.o)
    0x00000142   0x00000142   0x00000000   Code   RO          672    .ARM.Collect$$libinit$$0000001B  c_w.l(libinit2.o)
    0x00000142   0x00000142   0x00000000   Code   RO          674    .ARM.Collect$$libinit$$0000001D  c_w.l(libinit2.o)
    0x00000142   0x00000142   0x00000000   Code   RO          676    .ARM.Collect$$libinit$$0000001F  c_w.l(libinit2.o)
    0x00000142   0x00000142   0x00000000   Code   RO          678    .ARM.Collect$$libinit$$00000021  c_w.l(libinit2.o)
    0x00000142   0x00000142   0x00000000   Code   RO          680    .ARM.Collect$$libinit$$00000023  c_w.l(libinit2.o)
    0x00000142   0x00000142   0x00000000   Code   RO          682    .ARM.Collect$$libinit$$00000025  c_w.l(libinit2.o)
    0x00000142   0x00000142   0x00000000   Code   RO          686    .ARM.Collect$$libinit$$0000002C  c_w.l(libinit2.o)
    0x00000142   0x00000142   0x00000000   Code   RO          688    .ARM.Collect$$libinit$$0000002E  c_w.l(libinit2.o)
    0x00000142   0x00000142   0x00000000   Code   RO          690    .ARM.Collect$$libinit$$00000030  c_w.l(libinit2.o)
    0x00000142   0x00000142   0x00000000   Code   RO          692    .ARM.Collect$$libinit$$00000032  c_w.l(libinit2.o)
    0x00000142   0x00000142   0x00000002   Code   RO          693    .ARM.Collect$$libinit$$00000033  c_w.l(libinit2.o)
    0x00000144   0x00000144   0x00000002   Code   RO          724    .ARM.Collect$$libshutdown$$00000000  c_w.l(libshutdown.o)
    0x00000146   0x00000146   0x00000000   Code   RO          750    .ARM.Collect$$libshutdown$$00000002  c_w.l(libshutdown2.o)
    0x00000146   0x00000146   0x00000000   Code   RO          752    .ARM.Collect$$libshutdown$$00000004  c_w.l(libshutdown2.o)
    0x00000146   0x00000146   0x00000000   Code   RO          755    .ARM.Collect$$libshutdown$$00000007  c_w.l(libshutdown2.o)
    0x00000146   0x00000146   0x00000000   Code   RO          758    .ARM.Collect$$libshutdown$$0000000A  c_w.l(libshutdown2.o)
    0x00000146   0x00000146   0x00000000   Code   RO          760    .ARM.Collect$$libshutdown$$0000000C  c_w.l(libshutdown2.o)
    0x00000146   0x00000146   0x00000000   Code   RO          763    .ARM.Collect$$libshutdown$$0000000F  c_w.l(libshutdown2.o)
    0x00000146   0x00000146   0x00000002   Code   RO          764    .ARM.Collect$$libshutdown$$00000010  c_w.l(libshutdown2.o)
    0x00000148   0x00000148   0x00000000   Code   RO          597    .ARM.Collect$$rtentry$$00000000  c_w.l(__rtentry.o)
    0x00000148   0x00000148   0x00000000   Code   RO          608    .ARM.Collect$$rtentry$$00000002  c_w.l(__rtentry2.o)
    0x00000148   0x00000148   0x00000006   Code   RO          620    .ARM.Collect$$rtentry$$00000004  c_w.l(__rtentry4.o)
    0x0000014e   0x0000014e   0x00000000   Code   RO          610    .ARM.Collect$$rtentry$$00000009  c_w.l(__rtentry2.o)
    0x0000014e   0x0000014e   0x00000004   Code   RO          611    .ARM.Collect$$rtentry$$0000000A  c_w.l(__rtentry2.o)
    0x00000152   0x00000152   0x00000000   Code   RO          613    .ARM.Collect$$rtentry$$0000000C  c_w.l(__rtentry2.o)
    0x00000152   0x00000152   0x00000008   Code   RO          614    .ARM.Collect$$rtentry$$0000000D  c_w.l(__rtentry2.o)
    0x0000015a   0x0000015a   0x00000002   Code   RO          641    .ARM.Collect$$rtexit$$00000000  c_w.l(rtexit.o)
    0x0000015c   0x0000015c   0x00000000   Code   RO          697    .ARM.Collect$$rtexit$$00000002  c_w.l(rtexit2.o)
    0x0000015c   0x0000015c   0x00000004   Code   RO          698    .ARM.Collect$$rtexit$$00000003  c_w.l(rtexit2.o)
    0x00000160   0x00000160   0x00000006   Code   RO          699    .ARM.Collect$$rtexit$$00000004  c_w.l(rtexit2.o)
    0x00000166   0x00000166   0x00000002   PAD
    0x00000168   0x00000168   0x0000003c   Code   RO          531    .text               startup_lpc17xx.o
    0x000001a4   0x000001a4   0x00000006   Code   RO          577    .text               c_w.l(heapauxi.o)
    0x000001aa   0x000001aa   0x0000004a   Code   RO          624    .text               c_w.l(sys_stackheap_outer.o)
    0x000001f4   0x000001f4   0x00000012   Code   RO          626    .text               c_w.l(exit.o)
    0x00000206   0x00000206   0x00000002   PAD
    0x00000208   0x00000208   0x00000008   Code   RO          638    .text               c_w.l(libspace.o)
    0x00000210   0x00000210   0x0000000c   Code   RO          694    .text               c_w.l(sys_exit.o)
    0x0000021c   0x0000021c   0x00000002   Code   RO          713    .text               c_w.l(use_no_semi.o)
    0x0000021e   0x0000021e   0x00000000   Code   RO          715    .text               c_w.l(indicate_semi.o)
    0x0000021e   0x0000021e   0x0000002e   Code   RO           89    i.ADC_ChannelCmd    lpc17xx_adc.o
    0x0000024c   0x0000024c   0x00000010   Code   RO           90    i.ADC_ChannelGetData  lpc17xx_adc.o
    0x0000025c   0x0000025c   0x00000024   Code   RO           91    i.ADC_ChannelGetStatus  lpc17xx_adc.o
    0x00000280   0x00000280   0x0000003a   Code   RO           97    i.ADC_Init          lpc17xx_adc.o
    0x000002ba   0x000002ba   0x0000001a   Code   RO           98    i.ADC_IntConfig     lpc17xx_adc.o
    0x000002d4   0x000002d4   0x00000012   Code   RO          100    i.ADC_StartCmd      lpc17xx_adc.o
    0x000002e6   0x000002e6   0x00000002   PAD
    0x000002e8   0x000002e8   0x00000014   Code   RO            5    i.DelayRefresh      main.o
    0x000002fc   0x000002fc   0x00000004   Code   RO          530    .ARM.__at_0x02FC    startup_lpc17xx.o
    0x00000300   0x00000300   0x000000b8   Code   RO            4    i.ADC_IRQHandler    main.o
    0x000003b8   0x000003b8   0x00000038   Code   RO          194    i.CLKPWR_ConfigPPWR  lpc17xx_clkpwr.o
    0x000003f0   0x000003f0   0x00000040   Code   RO          197    i.CLKPWR_GetPCLK    lpc17xx_clkpwr.o
    0x00000430   0x00000430   0x00000028   Code   RO          198    i.CLKPWR_GetPCLKSEL  lpc17xx_clkpwr.o
    0x00000458   0x00000458   0x00000022   Code   RO          260    i.FIO_ByteClearValue  lpc17xx_gpio.o
    0x0000047a   0x0000047a   0x00000002   PAD
    0x0000047c   0x0000047c   0x00000038   Code   RO          261    i.FIO_ByteGetPointer  lpc17xx_gpio.o
    0x000004b4   0x000004b4   0x00000032   Code   RO          263    i.FIO_ByteSetDir    lpc17xx_gpio.o
    0x000004e6   0x000004e6   0x00000022   Code   RO          265    i.FIO_ByteSetValue  lpc17xx_gpio.o
    0x00000508   0x00000508   0x00000014   Code   RO          281    i.GPIO_ClearValue   lpc17xx_gpio.o
    0x0000051c   0x0000051c   0x00000038   Code   RO          283    i.GPIO_GetPointer   lpc17xx_gpio.o
    0x00000554   0x00000554   0x00000028   Code   RO          286    i.GPIO_SetDir       lpc17xx_gpio.o
    0x0000057c   0x0000057c   0x00000014   Code   RO          287    i.GPIO_SetValue     lpc17xx_gpio.o
    0x00000590   0x00000590   0x00000024   Code   RO          479    i.PINSEL_ConfigPin  lpc17xx_pinsel.o
    0x000005b4   0x000005b4   0x00000140   Code   RO          541    i.SystemInit        system_lpc17xx.o
    0x000006f4   0x000006f4   0x00000210   Code   RO            6    i.main              main.o
    0x00000904   0x00000904   0x00000030   Code   RO          482    i.set_OpenDrainMode  lpc17xx_pinsel.o
    0x00000934   0x00000934   0x00000040   Code   RO          483    i.set_PinFunc       lpc17xx_pinsel.o
    0x00000974   0x00000974   0x00000040   Code   RO          484    i.set_ResistorMode  lpc17xx_pinsel.o
    0x000009b4   0x000009b4   0x00000184   Code   RO          582    x$fpl$fdiv          fz_ws.l(fdiv.o)
    0x00000b38   0x00000b38   0x0000003e   Code   RO          585    x$fpl$ffixu         fz_ws.l(ffixu.o)
    0x00000b76   0x00000b76   0x00000002   PAD
    0x00000b78   0x00000b78   0x00000026   Code   RO          589    x$fpl$ffltu         fz_ws.l(fflt_clz.o)
    0x00000b9e   0x00000b9e   0x00000002   PAD
    0x00000ba0   0x00000ba0   0x00000102   Code   RO          595    x$fpl$fmul          fz_ws.l(fmul.o)
    0x00000ca2   0x00000ca2   0x0000008c   Code   RO          602    x$fpl$fnaninf       fz_ws.l(fnaninf.o)
    0x00000d2e   0x00000d2e   0x0000000a   Code   RO          604    x$fpl$fretinf       fz_ws.l(fretinf.o)
    0x00000d38   0x00000d38   0x00000000   Code   RO          606    x$fpl$usenofp       fz_ws.l(usenofp.o)
    0x00000d38   0x00000d38   0x0000000a   Data   RO            7    .constdata          main.o
    0x00000d42   0x00000d42   0x00000002   PAD
    0x00000d44   0x00000d44   0x00000030   Data   RO          765    Region$$Table       anon$$obj.o


    Execution Region RW_IRAM1 (Exec base: 0x10000000, Load base: 0x00000d74, Size: 0x00000200, Max: 0x00008000, ABSOLUTE)

    Exec Addr    Load Addr    Size         Type   Attr      Idx    E Section Name        Object

    0x10000000        -       0x00000200   Zero   RW          527    STACK               startup_lpc17xx.o


    Execution Region RW_IRAM2 (Exec base: 0x2007c000, Load base: 0x00000d74, Size: 0x00000078, Max: 0x00008000, ABSOLUTE)

    Exec Addr    Load Addr    Size         Type   Attr      Idx    E Section Name        Object

    0x2007c000   0x00000d74   0x0000000e   Data   RW            8    .data               main.o
    0x2007c00e   0x00000d82   0x00000002   PAD
    0x2007c010   0x00000d84   0x00000004   Data   RW          542    .data               system_lpc17xx.o
    0x2007c014        -       0x00000060   Zero   RW          639    .bss                c_w.l(libspace.o)
    0x2007c074   0x00000d88   0x00000004   PAD
    0x2007c078        -       0x00000000   Zero   RW          528    HEAP                startup_lpc17xx.o


==============================================================================

Image component sizes


      Code (inc. data)   RO Data    RW Data    ZI Data      Debug   Object Name

       200          0          0          0          0       4079   lpc17xx_adc.o
       160         22          0          0          0       1721   lpc17xx_clkpwr.o
       310         20          0          0          0       5497   lpc17xx_gpio.o
       212         14          0          0          0       2915   lpc17xx_pinsel.o
       732         78         10         14          0      58491   main.o
        64         26        204          0        512       1012   startup_lpc17xx.o
       320         18          0          4          0        819   system_lpc17xx.o

    ----------------------------------------------------------------------
      2002        178        264         20        512      74534   Object Totals
         0          0         48          0          0          0   (incl. Generated)
         4          0          2          2          0          0   (incl. Padding)

    ----------------------------------------------------------------------

      Code (inc. data)   RO Data    RW Data    ZI Data      Debug   Library Member Name

         8          0          0          0          0         68   __main.o
         0          0          0          0          0          0   __rtentry.o
        12          0          0          0          0          0   __rtentry2.o
         6          0          0          0          0          0   __rtentry4.o
        52          8          0          0          0          0   __scatter.o
        26          0          0          0          0          0   __scatter_copy.o
        28          0          0          0          0          0   __scatter_zi.o
        18          0          0          0          0         80   exit.o
         6          0          0          0          0        152   heapauxi.o
         0          0          0          0          0          0   indicate_semi.o
         2          0          0          0          0          0   libinit.o
         2          0          0          0          0          0   libinit2.o
         2          0          0          0          0          0   libshutdown.o
         2          0          0          0          0          0   libshutdown2.o
         8          4          0          0         96         68   libspace.o
         2          0          0          0          0          0   rtexit.o
        10          0          0          0          0          0   rtexit2.o
        12          4          0          0          0         68   sys_exit.o
        74          0          0          0          0         80   sys_stackheap_outer.o
         2          0          0          0          0         68   use_no_semi.o
       388         76          0          0          0         96   fdiv.o
        62          4          0          0          0         84   ffixu.o
        38          0          0          0          0         68   fflt_clz.o
       258          4          0          0          0         84   fmul.o
       140          4          0          0          0         84   fnaninf.o
        10          0          0          0          0         68   fretinf.o
         0          0          0          0          0          0   usenofp.o

    ----------------------------------------------------------------------
      1178        104          0          0        100       1068   Library Totals
        10          0          0          0          4          0   (incl. Padding)

    ----------------------------------------------------------------------

      Code (inc. data)   RO Data    RW Data    ZI Data      Debug   Library Name

       272         16          0          0         96        584   c_w.l
       896         88          0          0          0        484   fz_ws.l

    ----------------------------------------------------------------------
      1178        104          0          0        100       1068   Library Totals

    ----------------------------------------------------------------------

==============================================================================


      Code (inc. data)   RO Data    RW Data    ZI Data      Debug   

      3180        282        264         20        612      73986   Grand Totals
      3180        282        264         20        612      73986   ELF Image Totals
      3180        282        264         20          0          0   ROM Totals

==============================================================================

    Total RO  Size (Code + RO Data)                 3444 (   3.36kB)
    Total RW  Size (RW Data + ZI Data)               632 (   0.62kB)
    Total ROM Size (Code + RO Data + RW Data)       3464 (   3.38kB)

==============================================================================

